Archive member included because of file (symbol)

c:/devkitPro/libogc/lib/cube\libfat.a(libfat.o)
                              storage.o (fatInitDefault)
c:/devkitPro/libogc/lib/cube\libfat.a(lock.o)
                              c:/devkitPro/libogc/lib/cube\libfat.a(libfat.o) (_FAT_mutex)
c:/devkitPro/libogc/lib/cube\libfat.a(partition.o)
                              c:/devkitPro/libogc/lib/cube\libfat.a(libfat.o) (_FAT_partition_setDefaultInterface)
c:/devkitPro/libogc/lib/cube\libfat.a(disc.o)
                              c:/devkitPro/libogc/lib/cube\libfat.a(partition.o) (_FAT_disc_findInterfaceSlot)
c:/devkitPro/libogc/lib/cube\libfat.a(gcsd.o)
                              c:/devkitPro/libogc/lib/cube\libfat.a(disc.o) (__io_gcsda)
c:/devkitPro/libogc/lib/cube\libfat.a(cache.o)
                              c:/devkitPro/libogc/lib/cube\libfat.a(partition.o) (_FAT_cache_invalidate)
c:/devkitPro/libogc/lib/cube\libfat.a(fatdir.o)
                              c:/devkitPro/libogc/lib/cube\libfat.a(libfat.o) (_FAT_link_r)
c:/devkitPro/libogc/lib/cube\libfat.a(fatfile.o)
                              c:/devkitPro/libogc/lib/cube\libfat.a(libfat.o) (_FAT_close_r)
c:/devkitPro/libogc/lib/cube\libfat.a(file_allocation_table.o)
                              c:/devkitPro/libogc/lib/cube\libfat.a(fatfile.o) (_FAT_fat_nextCluster)
c:/devkitPro/libogc/lib/cube\libfat.a(filetime.o)
                              c:/devkitPro/libogc/lib/cube\libfat.a(fatdir.o) (_FAT_filetime_getDateFromRTC)
c:/devkitPro/libogc/lib/cube\libfat.a(directory.o)
                              c:/devkitPro/libogc/lib/cube\libfat.a(fatdir.o) (_FAT_directory_entryGetCluster)
c:/devkitPro/libogc/lib/cube\libmodplay.a(gcmodplay.o)
                              sound.o (MODPlay_SetVolume)
c:/devkitPro/libogc/lib/cube\libmodplay.a(modplay.o)
                              c:/devkitPro/libogc/lib/cube\libmodplay.a(gcmodplay.o) (MOD_AllocSFXChannels)
c:/devkitPro/libogc/lib/cube\libmodplay.a(freqtab.o)
                              c:/devkitPro/libogc/lib/cube\libmodplay.a(modplay.o) (freqtab)
c:/devkitPro/libogc/lib/cube\libmodplay.a(mixer.o)
                              c:/devkitPro/libogc/lib/cube\libmodplay.a(modplay.o) (mix_mono_16bit)
c:/devkitPro/libogc/lib/cube\libogc.a(snd.o)
                              oggplayer.o (SND_SetVoice)
c:/devkitPro/libogc/lib/cube\libogc.a(console.o)
                              libscognito.o (CON_Init)
c:/devkitPro/libogc/lib/cube\libogc.a(lwp.o)
                              oggplayer.o (LWP_ThreadSignal)
c:/devkitPro/libogc/lib/cube\libogc.a(lwp_objmgr.o)
                              c:/devkitPro/libogc/lib/cube\libogc.a(lwp.o) (__lwp_objmgr_getnoprotection)
c:/devkitPro/libogc/lib/cube\libogc.a(lwp_heap.o)
                              c:/devkitPro/libogc/lib/cube\libogc.a(lwp_objmgr.o) (__lwp_heap_free)
c:/devkitPro/libogc/lib/cube\libogc.a(sys_state.o)
                              c:/devkitPro/libogc/lib/cube\libogc.a(lwp_heap.o) (_sys_state_curr)
c:/devkitPro/libogc/lib/cube\libogc.a(video.o)
                              c:/devkitPro/libogc/lib/cube\libogc.a(console.o) (VIDEO_GetCurrentFramebuffer)
c:/devkitPro/libogc/lib/cube\libogc.a(pad.o)
                              main.o (PAD_ButtonsUp)
c:/devkitPro/libogc/lib/cube\libogc.a(mutex.o)
                              c:/devkitPro/libogc/lib/cube\libfat.a(fatdir.o) (LWP_MutexUnlock)
c:/devkitPro/libogc/lib/cube\libogc.a(cache_asm.o)
                              c:/devkitPro/libogc/lib/cube\libmodplay.a(gcmodplay.o) (DCFlushRange)
c:/devkitPro/libogc/lib/cube\libogc.a(system.o)
                              c:/devkitPro/libogc/lib/cube\libogc.a(video.o) (__SYS_LockSram)
c:/devkitPro/libogc/lib/cube\libogc.a(system_asm.o)
                              c:/devkitPro/libogc/lib/cube\libogc.a(system.o) (__realmode)
c:/devkitPro/libogc/lib/cube\libogc.a(cond.o)
                              c:/devkitPro/libogc/lib/cube\libogc.a(system.o) (__lwp_cond_init)
c:/devkitPro/libogc/lib/cube\libogc.a(audio.o)
                              c:/devkitPro/libogc/lib/cube\libogc.a(snd.o) (AUDIO_RegisterDMACallback)
c:/devkitPro/libogc/lib/cube\libogc.a(decrementer.o)
                              c:/devkitPro/libogc/lib/cube\libogc.a(system.o) (__decrementer_init)
c:/devkitPro/libogc/lib/cube\libogc.a(message.o)
                              c:/devkitPro/libogc/lib/cube\libogc.a(system.o) (__lwp_mqbox_init)
c:/devkitPro/libogc/lib/cube\libogc.a(si.o)
                              c:/devkitPro/libogc/lib/cube\libogc.a(pad.o) (SI_Busy)
c:/devkitPro/libogc/lib/cube\libogc.a(ogc_crt0.o)
                              (_start)
c:/devkitPro/libogc/lib/cube\libogc.a(console_font_8x16.o)
                              c:/devkitPro/libogc/lib/cube\libogc.a(console.o) (console_font_8x16)
c:/devkitPro/libogc/lib/cube\libogc.a(timesupp.o)
                              c:/devkitPro/libogc/lib/cube\libogc.a(system.o) (gettick)
c:/devkitPro/libogc/lib/cube\libogc.a(lock_supp.o)
[...]
Memory Configuration

Name             Origin             Length             Attributes
*default*        0x00000000         0xffffffff

Linker script and memory map

                0x80003000                . = 0x80003000

.header         0x80003000       0xe4
                0x80003000                file_start = .
                0x80003000        0x4 LONG 0x100 text_file_start
                0x80003004        0x4 LONG 0x0
                0x80003008        0x4 LONG 0x0
                0x8000300c        0x4 LONG 0x0
                0x80003010        0x4 LONG 0x0
                0x80003014        0x4 LONG 0x0
                0x80003018        0x4 LONG 0x0
                0x8000301c        0x4 LONG 0x66920 data_file_start
                0x80003020        0x4 LONG 0x0
                0x80003024        0x4 LONG 0x0
                0x80003028        0x4 LONG 0x0
                0x8000302c        0x4 LONG 0x0
                0x80003030        0x4 LONG 0x0
                0x80003034        0x4 LONG 0x0
                0x80003038        0x4 LONG 0x0
                0x8000303c        0x4 LONG 0x0
                0x80003040        0x4 LONG 0x0
                0x80003044        0x4 LONG 0x0
                0x80003048        0x4 LONG 0x80003100 text_mem_start
                0x8000304c        0x4 LONG 0x0
                0x80003050        0x4 LONG 0x0
                0x80003054        0x4 LONG 0x0
                0x80003058        0x4 LONG 0x0
                0x8000305c        0x4 LONG 0x0
                0x80003060        0x4 LONG 0x0
                0x80003064        0x4 LONG 0x80069920 data_mem_start
                0x80003068        0x4 LONG 0x0
                0x8000306c        0x4 LONG 0x0
                0x80003070        0x4 LONG 0x0
                0x80003074        0x4 LONG 0x0
                0x80003078        0x4 LONG 0x0
                0x8000307c        0x4 LONG 0x0
                0x80003080        0x4 LONG 0x0
                0x80003084        0x4 LONG 0x0
                0x80003088        0x4 LONG 0x0
                0x8000308c        0x4 LONG 0x0
                0x80003090        0x4 LONG 0x66820 text_mem_size
                0x80003094        0x4 LONG 0x0
                0x80003098        0x4 LONG 0x0
                0x8000309c        0x4 LONG 0x0
                0x800030a0        0x4 LONG 0x0
                0x800030a4        0x4 LONG 0x0
                0x800030a8        0x4 LONG 0x0
                0x800030ac        0x4 LONG 0x3adb60 data_mem_size
                0x800030b0        0x4 LONG 0x0
                0x800030b4        0x4 LONG 0x0
                0x800030b8        0x4 LONG 0x0
                0x800030bc        0x4 LONG 0x0
                0x800030c0        0x4 LONG 0x0
                0x800030c4        0x4 LONG 0x0
                0x800030c8        0x4 LONG 0x0
                0x800030cc        0x4 LONG 0x0
                0x800030d0        0x4 LONG 0x0
                0x800030d4        0x4 LONG 0x0
                0x800030d8        0x4 LONG 0x80417480 bss_mem_start
                0x800030dc        0x4 LONG 0x541e0 bss_mem_size
                0x800030e0        0x4 LONG 0x80003100 ABSOLUTE (_start)
                0x80003100                . = (file_start + 0x100)
                0x80003100                text_mem_start = .

.init           0x80003100      0x208
 *crt0.o(*.init)
 .init          0x80003100      0x1e4 c:/devkitPro/libogc/lib/cube\libogc.a(ogc_crt0.o)
                0x8000329c                _memset
                0x80003100                _start
                0x800032cc                video_line
 *(.init)
 .init          0x800032e4        0xc c:/devkitpro/devkitppc/bin/../lib/gcc/powerpc-gekko/4.2.3/ecrti.o
                0x800032e4                __init
 .init          0x800032f0        0x4 c:/devkitpro/devkitppc/bin/../lib/gcc/powerpc-gekko/4.2.3/crtbegin.o
 .init          0x800032f4        0x4 c:/devkitpro/devkitppc/bin/../lib/gcc/powerpc-gekko/4.2.3/crtend.o
 .init          0x800032f8       0x10 c:/devkitpro/devkitppc/bin/../lib/gcc/powerpc-gekko/4.2.3/ecrtn.o

.plt
 *(.plt)

.interp
 *(.interp)

.hash
 *(.hash)

.dynsym
 *(.dynsym)

.dynstr
 *(.dynstr)

.gnu.version
 *(.gnu.version)

.gnu.version_d
 *(.gnu.version_d)

.gnu.version_r
 *(.gnu.version_r)

.rel.init
 *(.rel.init)

.rela.init      0x80003308        0x0
 *(.rela.init)
 .rela.init     0x00000000        0x0 c:/devkitpro/devkitppc/bin/../lib/gcc/powerpc-gekko/4.2.3/crtbegin.o

.rel.text
 *(.rel.text .rel.text.* .rel.gnu.linkonce.t.*)

.rela.text      0x80003308        0x0
 *(.rela.text .rela.text.* .rela.gnu.linkonce.t.*)
 .rela.text     0x00000000        0x0 c:/devkitpro/devkitppc/bin/../lib/gcc/powerpc-gekko/4.2.3/crtbegin.o
 .rela.text.checkInput_CS
                0x00000000        0x0 c:/devkitpro/devkitppc/bin/../lib/gcc/powerpc-gekko/4.2.3/crtbegin.o
 .rela.text.creditScreen
                0x00000000        0x0 c:/devkitpro/devkitppc/bin/../lib/gcc/powerpc-gekko/4.2.3/crtbegin.o
 .rela.text.updateEventsGfx
                0x00000000        0x0 c:/devkitpro/devkitppc/bin/../lib/gcc/powerpc-gekko/4.2.3/crtbegin.o
 .rela.text.drawLevelSelectCursor
                0x00000000        0x0 c:/devkitpro/devkitppc/bin/../lib/gcc/powerpc-gekko/4.2.3/crtbegin.o
 .rela.text.drawRectMarker
                0x00000000        0x0 c:/devkitpro/devkitppc/bin/../lib/gcc/powerpc-gekko/4.2.3/crtbegin.o
 .rela.text.drawPreview
                0x00000000        0x0 c:/devkitpro/devkitppc/bin/../lib/gcc/powerpc-gekko/4.2.3/crtbegin.o
 .rela.text.splashScreen
                0x00000000        0x0 c:/devkitpro/devkitppc/bin/../lib/gcc/powerpc-gekko/4.2.3/crtbegin.o
 .rela.text.loadTheme
                0x00000000        0x0 c:/devkitpro/devkitppc/bin/../lib/gcc/powerpc-gekko/4.2.3/crtbegin.o
 .rela.text.initThemes
                0x00000000        0x0 c:/devkitpro/devkitppc/bin/../lib/gcc/powerpc-gekko/4.2.3/crtbegin.o
 .rela.text.initGfx
                0x00000000        0x0 c:/devkitpro/devkitppc/bin/../lib/gcc/powerpc-gekko/4.2.3/crtbegin.o
 .rela.text.printTime
                0x00000000        0x0 c:/devkitpro/devkitppc/bin/../lib/gcc/powerpc-gekko/4.2.3/crtbegin.o
 .rela.text.printText
                0x00000000        0x0 c:/devkitpro/devkitppc/bin/../lib/gcc/powerpc-gekko/4.2.3/crtbegin.o
 .rela.text.printErrors
                0x00000000        0x0 c:/devkitpro/devkitppc/bin/../lib/gcc/powerpc-gekko/4.2.3/crtbegin.o
 .rela.text.drawScene
                0x00000000        0x0 c:/devkitpro/devkitppc/bin/../lib/gcc/powerpc-gekko/4.2.3/crtbegin.o
 .rela.text.helpNeeded
                0x00000000        0x0 c:/devkitpro/devkitppc/bin/../lib/gcc/powerpc-gekko/4.2.3/crtbegin.o
 .rela.text.showLevelComplete
                0x00000000        0x0 c:/devkitpro/devkitppc/bin/../lib/gcc/powerpc-gekko/4.2.3/crtbegin.o
 .rela.text.fadeOut
                0x00000000        0x0 c:/devkitpro/devkitppc/bin/../lib/gcc/powerpc-gekko/4.2.3/crtbegin.o
 .rela.text.fadeIn
                0x00000000        0x0 c:/devkitpro/devkitppc/bin/../lib/gcc/powerpc-gekko/4.2.3/crtbegin.o
 .rela.text.checkInput_HTP
                0x00000000        0x0 c:/devkitpro/devkitppc/bin/../lib/gcc/powerpc-gekko/4.2.3/crtbegin.o
 .rela.text.howToPlayScreen
                0x00000000        0x0 c:/devkitpro/devkitppc/bin/../lib/gcc/powerpc-gekko/4.2.3/crtbegin.o
 .rela.text.levelSelect
                0x00000000        0x0 c:/devkitpro/devkitppc/bin/../lib/gcc/powerpc-gekko/4.2.3/crtbegin.o
 .rela.text.createBackground
                0x00000000        0x0 c:/devkitpro/devkitppc/bin/../lib/gcc/powerpc-gekko/4.2.3/crtbegin.o
 .rela.text.initWii
                0x00000000        0x0 c:/devkitpro/devkitppc/bin/../lib/gcc/powerpc-gekko/4.2.3/crtbegin.o
 .rela.text.resetVars
                0x00000000        0x0 c:/devkitpro/devkitppc/bin/../lib/gcc/powerpc-gekko/4.2.3/crtbegin.o
 .rela.text.fillRowsColumns
                0x00000000        0x0 c:/devkitpro/devkitppc/bin/../lib/gcc/powerpc-gekko/4.2.3/crtbegin.o
 .rela.text.updateFrames
                0x00000000        0x0 c:/devkitpro/devkitppc/bin/../lib/gcc/powerpc-gekko/4.2.3/crtbegin.o
 .rela.text.completePuzzle
                0x00000000        0x0 c:/devkitpro/devkitppc/bin/../lib/gcc/powerpc-gekko/4.2.3/crtbegin.o
 .rela.text.checkLevelFinished
                0x00000000        0x0 c:/devkitpro/devkitppc/bin/../lib/gcc/powerpc-gekko/4.2.3/crtbegin.o
 .rela.text.checkLevelFinishedModeFree
                0x00000000        0x0 c:/devkitpro/devkitppc/bin/../lib/gcc/powerpc-gekko/4.2.3/crtbegin.o
 .rela.text.updateWiimote
                0x00000000        0x0 c:/devkitpro/devkitppc/bin/../lib/gcc/powerpc-gekko/4.2.3/crtbegin.o
 .rela.text.updateTime
                0x00000000        0x0 c:/devkitpro/devkitppc/bin/../lib/gcc/powerpc-gekko/4.2.3/crtbegin.o
 .rela.text.performLevelComplete
                0x00000000        0x0 c:/devkitpro/devkitppc/bin/../lib/gcc/powerpc-gekko/4.2.3/crtbegin.o
 .rela.text.updateErrors
                0x00000000        0x0 c:/devkitpro/devkitppc/bin/../lib/gcc/powerpc-gekko/4.2.3/crtbegin.o
 .rela.text.checkTile
                0x00000000        0x0 c:/devkitpro/devkitppc/bin/../lib/gcc/powerpc-gekko/4.2.3/crtbegin.o
 .rela.text.checkInput
                0x00000000        0x0 c:/devkitpro/devkitppc/bin/../lib/gcc/powerpc-gekko/4.2.3/crtbegin.o
 .rela.text.printFormattedValues
                0x00000000        0x0 c:/devkitpro/devkitppc/bin/../lib/gcc/powerpc-gekko/4.2.3/crtbegin.o
 .rela.text.printInitMatrix
                0x00000000        0x0 c:/devkitpro/devkitppc/bin/../lib/gcc/powerpc-gekko/4.2.3/crtbegin.o
 .rela.text.initVars
                0x00000000        0x0 c:/devkitpro/devkitppc/bin/../lib/gcc/powerpc-gekko/4.2.3/crtbegin.o
 .rela.text.parseLevel
                0x00000000        0x0 c:/devkitpro/devkitppc/bin/../lib/gcc/powerpc-gekko/4.2.3/crtbegin.o
 .rela.text.startNewLevel
                0x00000000        0x0 c:/devkitpro/devkitppc/bin/../lib/gcc/powerpc-gekko/4.2.3/crtbegin.o
 .rela.text.main
                0x00000000        0x0 c:/devkitpro/devkitppc/bin/../lib/gcc/powerpc-gekko/4.2.3/crtbegin.o
 .rela.text.applyChanges
                0x00000000        0x0 c:/devkitpro/devkitppc/bin/../lib/gcc/powerpc-gekko/4.2.3/crtbegin.o
 .rela.text.checkInput_OS
                0x00000000        0x0 c:/devkitpro/devkitppc/bin/../lib/gcc/powerpc-gekko/4.2.3/crtbegin.o
 .rela.text.optionScreen
                0x00000000        0x0 c:/devkitpro/devkitppc/bin/../lib/gcc/powerpc-gekko/4.2.3/crtbegin.o
 .rela.text.askSaveGame
                0x00000000        0x0 c:/devkitpro/devkitppc/bin/../lib/gcc/powerpc-gekko/4.2.3/crtbegin.o
 .rela.text.checkInputPS
                0x00000000        0x0 c:/devkitpro/devkitppc/bin/../lib/gcc/powerpc-gekko/4.2.3/crtbegin.o
 .rela.text.pauseScreen
                0x00000000        0x0 c:/devkitpro/devkitppc/bin/../lib/gcc/powerpc-gekko/4.2.3/crtbegin.o
 .rela.text.swap
                0x00000000        0x0 c:/devkitpro/devkitppc/bin/../lib/gcc/powerpc-gekko/4.2.3/crtbegin.o
 .rela.text.loadCustomSongs
                0x00000000        0x0 c:/devkitpro/devkitppc/bin/../lib/gcc/powerpc-gekko/4.2.3/crtbegin.o
 .rela.text.playTitleScreenMusic
                0x00000000        0x0 c:/devkitpro/devkitppc/bin/../lib/gcc/powerpc-gekko/4.2.3/crtbegin.o
 .rela.text.playDefaultLevelMusic
                0x00000000        0x0 c:/devkitpro/devkitppc/bin/../lib/gcc/powerpc-gekko/4.2.3/crtbegin.o
 .rela.text.initSound
                0x00000000        0x0 c:/devkitpro/devkitppc/bin/../lib/gcc/powerpc-gekko/4.2.3/crtbegin.o
 .rela.text.readThemesDir
                0x00000000        0x0 c:/devkitpro/devkitppc/bin/../lib/gcc/powerpc-gekko/4.2.3/crtbegin.o
 .rela.text.readSD
                0x00000000        0x0 c:/devkitpro/devkitppc/bin/../lib/gcc/powerpc-gekko/4.2.3/crtbegin.o
 .rela.text.writeSD
                0x00000000        0x0 c:/devkitpro/devkitppc/bin/../lib/gcc/powerpc-gekko/4.2.3/crtbegin.o
 .rela.text.initStorage
                0x00000000        0x0 c:/devkitpro/devkitppc/bin/../lib/gcc/powerpc-gekko/4.2.3/crtbegin.o
 .rela.text.checkInputTS
                0x00000000        0x0 c:/devkitpro/devkitppc/bin/../lib/gcc/powerpc-gekko/4.2.3/crtbegin.o
 .rela.text.titleScreen
                0x00000000        0x0 c:/devkitpro/devkitppc/bin/../lib/gcc/powerpc-gekko/4.2.3/crtbegin.o
 .rela.text.fatInit
                0x00000000        0x0 c:/devkitpro/devkitppc/bin/../lib/gcc/powerpc-gekko/4.2.3/crtbegin.o
 .rela.text._FAT_partition_getPartitionFromPath
                0x00000000        0x0 c:/devkitpro/devkitppc/bin/../lib/gcc/powerpc-gekko/4.2.3/crtbegin.o
 .rela.text._FAT_dirclose_r
                0x00000000        0x0 c:/devkitpro/devkitppc/bin/../lib/gcc/powerpc-gekko/4.2.3/crtbegin.o
 .rela.text._FAT_stat_r
                0x00000000        0x0 c:/devkitpro/devkitppc/bin/../lib/gcc/powerpc-gekko/4.2.3/crtbegin.o
 .rela.text._FAT_chdir_r
                0x00000000        0x0 c:/devkitpro/devkitppc/bin/../lib/gcc/powerpc-gekko/4.2.3/crtbegin.o
 .rela.text._FAT_unlink_r
                0x00000000        0x0 c:/devkitpro/devkitppc/bin/../lib/gcc/powerpc-gekko/4.2.3/crtbegin.o
 .rela.text._FAT_dirnext_r
                0x00000000        0x0 c:/devkitpro/devkitppc/bin/../lib/gcc/powerpc-gekko/4.2.3/crtbegin.o
 .rela.text._FAT_dirreset_r
                0x00000000        0x0 c:/devkitpro/devkitppc/bin/../lib/gcc/powerpc-gekko/4.2.3/crtbegin.o
 .rela.text._FAT_diropen_r
                0x00000000        0x0 c:/devkitpro/devkitppc/bin/../lib/gcc/powerpc-gekko/4.2.3/crtbegin.o
 .rela.text._FAT_statvfs_r
                0x00000000        0x0 c:/devkitpro/devkitppc/bin/../lib/gcc/powerpc-gekko/4.2.3/crtbegin.o
 .rela.text._FAT_mkdir_r
                0x00000000        0x0 c:/devkitpro/devkitppc/bin/../lib/gcc/powerpc-gekko/4.2.3/crtbegin.o
 .rela.text._FAT_rename_r
                0x00000000        0x0 c:/devkitpro/devkitppc/bin/../lib/gcc/powerpc-gekko/4.2.3/crtbegin.o
 .rela.text._FAT_close_r
                0x00000000        0x0 c:/devkitpro/devkitppc/bin/../lib/gcc/powerpc-gekko/4.2.3/crtbegin.o
 .rela.text._FAT_open_r
                0x00000000        0x0 c:/devkitpro/devkitppc/bin/../lib/gcc/powerpc-gekko/4.2.3/crtbegin.o
 .rela.text._FAT_fstat_r
                0x00000000        0x0 c:/devkitpro/devkitppc/bin/../lib/gcc/powerpc-gekko/4.2.3/crtbegin.o
 .rela.text._FAT_seek_r
                0x00000000        0x0 c:/devkitpro/devkitppc/bin/../lib/gcc/powerpc-gekko/4.2.3/crtbegin.o
 .rela.text._FAT_write_r
                0x00000000        0x0 c:/devkitpro/devkitppc/bin/../lib/gcc/powerpc-gekko/4.2.3/crtbegin.o
 .rela.text._FAT_read_r
                0x00000000        0x0 c:/devkitpro/devkitppc/bin/../lib/gcc/powerpc-gekko/4.2.3/crtbegin.o
 .rela.text._FAT_directory_mbsncasecmp
                0x00000000        0x0 c:/devkitpro/devkitppc/bin/../lib/gcc/powerpc-gekko/4.2.3/crtbegin.o
 .rela.text._FAT_directory_ucs2tombs
                0x00000000        0x0 c:/devkitpro/devkitppc/bin/../lib/gcc/powerpc-gekko/4.2.3/crtbegin.o
 .rela.text._FAT_directory_addEntry
                0x00000000        0x0 c:/devkitpro/devkitppc/bin/../lib/gcc/powerpc-gekko/4.2.3/crtbegin.o
 .rela.text.effect_handler
                0x00000000        0x0 c:/devkitpro/devkitppc/bin/../lib/gcc/powerpc-gekko/4.2.3/crtbegin.o
 .rela.text.__console_init_ex
                0x00000000        0x0 c:/devkitpro/devkitppc/bin/../lib/gcc/powerpc-gekko/4.2.3/crtbegin.o
 .rela.text.__console_init
                0x00000000        0x0 c:/devkitpro/devkitppc/bin/../lib/gcc/powerpc-gekko/4.2.3/crtbegin.o
 .rela.text.__lwp_thread_context
                0x00000000        0x0 c:/devkitpro/devkitppc/bin/../lib/gcc/powerpc-gekko/4.2.3/crtbegin.o
 .rela.text.__lwp_thread_exists
                0x00000000        0x0 c:/devkitpro/devkitppc/bin/../lib/gcc/powerpc-gekko/4.2.3/crtbegin.o
 .rela.text.__lwp_thread_isalive
                0x00000000        0x0 c:/devkitpro/devkitppc/bin/../lib/gcc/powerpc-gekko/4.2.3/crtbegin.o
 .rela.text.__lwp_sysinit
                0x00000000        0x0 c:/devkitpro/devkitppc/bin/../lib/gcc/powerpc-gekko/4.2.3/crtbegin.o
 .rela.text.LWP_ThreadSignal
                0x00000000        0x0 c:/devkitpro/devkitppc/bin/../lib/gcc/powerpc-gekko/4.2.3/crtbegin.o
 .rela.text.LWP_ThreadBroadcast
                0x00000000        0x0 c:/devkitpro/devkitppc/bin/../lib/gcc/powerpc-gekko/4.2.3/crtbegin.o
 .rela.text.LWP_ThreadSleep
                0x00000000        0x0 c:/devkitpro/devkitppc/bin/../lib/gcc/powerpc-gekko/4.2.3/crtbegin.o
 .rela.text.LWP_CloseQueue
                0x00000000        0x0 c:/devkitpro/devkitppc/bin/../lib/gcc/powerpc-gekko/4.2.3/crtbegin.o
 .rela.text.LWP_InitQueue
                0x00000000        0x0 c:/devkitpro/devkitppc/bin/../lib/gcc/powerpc-gekko/4.2.3/crtbegin.o
 .rela.text.LWP_JoinThread
                0x00000000        0x0 c:/devkitpro/devkitppc/bin/../lib/gcc/powerpc-gekko/4.2.3/crtbegin.o
 .rela.text.LWP_ThreadIsSuspended
                0x00000000        0x0 c:/devkitpro/devkitppc/bin/../lib/gcc/powerpc-gekko/4.2.3/crtbegin.o
 .rela.text.LWP_SetThreadPriority
                0x00000000        0x0 c:/devkitpro/devkitppc/bin/../lib/gcc/powerpc-gekko/4.2.3/crtbegin.o
 .rela.text.LWP_ResumeThread
                0x00000000        0x0 c:/devkitpro/devkitppc/bin/../lib/gcc/powerpc-gekko/4.2.3/crtbegin.o
 .rela.text.LWP_SuspendThread
                0x00000000        0x0 c:/devkitpro/devkitppc/bin/../lib/gcc/powerpc-gekko/4.2.3/crtbegin.o
 .rela.text.LWP_CreateThread
                0x00000000        0x0 c:/devkitpro/devkitppc/bin/../lib/gcc/powerpc-gekko/4.2.3/crtbegin.o
 .rela.text.__lwp_objmgr_initinfo
                0x00000000        0x0 c:/devkitpro/devkitppc/bin/../lib/gcc/powerpc-gekko/4.2.3/crtbegin.o
 .rela.text.__lwp_mutex_init
                0x00000000        0x0 c:/devkitpro/devkitppc/bin/../lib/gcc/powerpc-gekko/4.2.3/crtbegin.o
 .rela.text.LWP_MutexDestroy
                0x00000000        0x0 c:/devkitpro/devkitppc/bin/../lib/gcc/powerpc-gekko/4.2.3/crtbegin.o
 .rela.text.LWP_MutexUnlock
                0x00000000        0x0 c:/devkitpro/devkitppc/bin/../lib/gcc/powerpc-gekko/4.2.3/crtbegin.o
 .rela.text.__lwp_mutex_locksupp
                0x00000000        0x0 c:/devkitpro/devkitppc/bin/../lib/gcc/powerpc-gekko/4.2.3/crtbegin.o
 .rela.text.LWP_MutexInit
                0x00000000        0x0 c:/devkitpro/devkitppc/bin/../lib/gcc/powerpc-gekko/4.2.3/crtbegin.o
 .rela.text.__sram_sync
                0x00000000        0x0 c:/devkitpro/devkitppc/bin/../lib/gcc/powerpc-gekko/4.2.3/crtbegin.o
 .rela.text.__locksram
                0x00000000        0x0 c:/devkitpro/devkitppc/bin/../lib/gcc/powerpc-gekko/4.2.3/crtbegin.o
 .rela.text.__sys_alarmhandler
                0x00000000        0x0 c:/devkitpro/devkitppc/bin/../lib/gcc/powerpc-gekko/4.2.3/crtbegin.o
 .rela.text.__sram_init
                0x00000000        0x0 c:/devkitpro/devkitppc/bin/../lib/gcc/powerpc-gekko/4.2.3/crtbegin.o
 .rela.text.SYS_Init
                0x00000000        0x0 c:/devkitpro/devkitppc/bin/../lib/gcc/powerpc-gekko/4.2.3/crtbegin.o
 .rela.text.__unlocksram
                0x00000000        0x0 c:/devkitpro/devkitppc/bin/../lib/gcc/powerpc-gekko/4.2.3/crtbegin.o
 .rela.text.__sram_writecallback
                0x00000000        0x0 c:/devkitpro/devkitppc/bin/../lib/gcc/powerpc-gekko/4.2.3/crtbegin.o
 .rela.text.SYS_CancelAlarm
                0x00000000        0x0 c:/devkitpro/devkitppc/bin/../lib/gcc/powerpc-gekko/4.2.3/crtbegin.o
 .rela.text.SYS_RemoveAlarm
                0x00000000        0x0 c:/devkitpro/devkitppc/bin/../lib/gcc/powerpc-gekko/4.2.3/crtbegin.o
 .rela.text.SYS_SetPeriodicAlarm
                0x00000000        0x0 c:/devkitpro/devkitppc/bin/../lib/gcc/powerpc-gekko/4.2.3/crtbegin.o
 .rela.text.SYS_SetAlarm
                0x00000000        0x0 c:/devkitpro/devkitppc/bin/../lib/gcc/powerpc-gekko/4.2.3/crtbegin.o
 .rela.text.__lwp_cond_init
                0x00000000        0x0 c:/devkitpro/devkitppc/bin/../lib/gcc/powerpc-gekko/4.2.3/crtbegin.o
 .rela.text.LWP_CondDestroy
                0x00000000        0x0 c:/devkitpro/devkitppc/bin/../lib/gcc/powerpc-gekko/4.2.3/crtbegin.o
 .rela.text.LWP_CondInit
                0x00000000        0x0 c:/devkitpro/devkitppc/bin/../lib/gcc/powerpc-gekko/4.2.3/crtbegin.o
 .rela.text.__lwp_cond_signalsupp
                0x00000000        0x0 c:/devkitpro/devkitppc/bin/../lib/gcc/powerpc-gekko/4.2.3/crtbegin.o
 .rela.text.__lwp_cond_waitsupp
                0x00000000        0x0 c:/devkitpro/devkitppc/bin/../lib/gcc/powerpc-gekko/4.2.3/crtbegin.o
 .rela.text.c_decrementer_handler
                0x00000000        0x0 c:/devkitpro/devkitppc/bin/../lib/gcc/powerpc-gekko/4.2.3/crtbegin.o
 .rela.text.__lwp_mqbox_init
                0x00000000        0x0 c:/devkitpro/devkitppc/bin/../lib/gcc/powerpc-gekko/4.2.3/crtbegin.o
 .rela.text.MQ_Close
                0x00000000        0x0 c:/devkitpro/devkitppc/bin/../lib/gcc/powerpc-gekko/4.2.3/crtbegin.o
 .rela.text.MQ_Init
                0x00000000        0x0 c:/devkitpro/devkitppc/bin/../lib/gcc/powerpc-gekko/4.2.3/crtbegin.o
 .rela.text.MQ_Jam
                0x00000000        0x0 c:/devkitpro/devkitppc/bin/../lib/gcc/powerpc-gekko/4.2.3/crtbegin.o
 .rela.text.MQ_Receive
                0x00000000        0x0 c:/devkitpro/devkitppc/bin/../lib/gcc/powerpc-gekko/4.2.3/crtbegin.o
 .rela.text.MQ_Send
                0x00000000        0x0 c:/devkitpro/devkitppc/bin/../lib/gcc/powerpc-gekko/4.2.3/crtbegin.o
 .rela.text.nanosleep
                0x00000000        0x0 c:/devkitpro/devkitppc/bin/../lib/gcc/powerpc-gekko/4.2.3/crtbegin.o
 .rela.text.__libc_init
                0x00000000        0x0 c:/devkitpro/devkitppc/bin/../lib/gcc/powerpc-gekko/4.2.3/crtbegin.o
 .rela.text.__libc_wrapup
                0x00000000        0x0 c:/devkitpro/devkitppc/bin/../lib/gcc/powerpc-gekko/4.2.3/crtbegin.o
 .rela.text.__libc_delete_hook
                0x00000000        0x0 c:/devkitpro/devkitppc/bin/../lib/gcc/powerpc-gekko/4.2.3/crtbegin.o
 .rela.text.__card_readcid
                0x00000000        0x0 c:/devkitpro/devkitppc/bin/../lib/gcc/powerpc-gekko/4.2.3/crtbegin.o
 .rela.text.__card_readcsd
                0x00000000        0x0 c:/devkitpro/devkitppc/bin/../lib/gcc/powerpc-gekko/4.2.3/crtbegin.o
 .rela.text.__card_sd_status
                0x00000000        0x0 c:/devkitpro/devkitppc/bin/../lib/gcc/powerpc-gekko/4.2.3/crtbegin.o
 .rela.text.sdgecko_initIO
                0x00000000        0x0 c:/devkitpro/devkitppc/bin/../lib/gcc/powerpc-gekko/4.2.3/crtbegin.o
 .rela.text.sdgecko_eraseWholeBlock
                0x00000000        0x0 c:/devkitpro/devkitppc/bin/../lib/gcc/powerpc-gekko/4.2.3/crtbegin.o
 .rela.text.sdgecko_erasePartialBlock
                0x00000000        0x0 c:/devkitpro/devkitppc/bin/../lib/gcc/powerpc-gekko/4.2.3/crtbegin.o
 .rela.text.__CheckARGV
                0x00000000        0x0 c:/devkitpro/devkitppc/bin/../lib/gcc/powerpc-gekko/4.2.3/crtbegin.o
 .rela.text.__lwp_priority_init
                0x00000000        0x0 c:/devkitpro/devkitppc/bin/../lib/gcc/powerpc-gekko/4.2.3/crtbegin.o
 .rela.text.__lwp_threadqueue_extractpriority
                0x00000000        0x0 c:/devkitpro/devkitppc/bin/../lib/gcc/powerpc-gekko/4.2.3/crtbegin.o
 .rela.text.__lwp_threadqueue_extractfifo
                0x00000000        0x0 c:/devkitpro/devkitppc/bin/../lib/gcc/powerpc-gekko/4.2.3/crtbegin.o
 .rela.text.__lwp_threadqueue_dequeuepriority
                0x00000000        0x0 c:/devkitpro/devkitppc/bin/../lib/gcc/powerpc-gekko/4.2.3/crtbegin.o
 .rela.text.__lwp_threadqueue_enqueuepriority
                0x00000000        0x0 c:/devkitpro/devkitppc/bin/../lib/gcc/powerpc-gekko/4.2.3/crtbegin.o
 .rela.text.__lwp_threadqueue_dequeuefifo
                0x00000000        0x0 c:/devkitpro/devkitppc/bin/../lib/gcc/powerpc-gekko/4.2.3/crtbegin.o
 .rela.text.__lwp_threadqueue_enqueuefifo
                0x00000000        0x0 c:/devkitpro/devkitppc/bin/../lib/gcc/powerpc-gekko/4.2.3/crtbegin.o
 .rela.text.__lwp_threadqueue_enqueue
                0x00000000        0x0 c:/devkitpro/devkitppc/bin/../lib/gcc/powerpc-gekko/4.2.3/crtbegin.o
 .rela.text.__lwp_rotate_readyqueue
                0x00000000        0x0 c:/devkitpro/devkitppc/bin/../lib/gcc/powerpc-gekko/4.2.3/crtbegin.o
 .rela.text.__lwp_thread_setstate
                0x00000000        0x0 c:/devkitpro/devkitppc/bin/../lib/gcc/powerpc-gekko/4.2.3/crtbegin.o
 .rela.text.__lwp_thread_setpriority
                0x00000000        0x0 c:/devkitpro/devkitppc/bin/../lib/gcc/powerpc-gekko/4.2.3/crtbegin.o
 .rela.text.__lwp_thread_ready
                0x00000000        0x0 c:/devkitpro/devkitppc/bin/../lib/gcc/powerpc-gekko/4.2.3/crtbegin.o
 .rela.text.__lwp_thread_close
                0x00000000        0x0 c:/devkitpro/devkitppc/bin/../lib/gcc/powerpc-gekko/4.2.3/crtbegin.o
 .rela.text.__lwp_thread_stopmultitasking
                0x00000000        0x0 c:/devkitpro/devkitppc/bin/../lib/gcc/powerpc-gekko/4.2.3/crtbegin.o
 .rela.text.__lwp_thread_startmultitasking
                0x00000000        0x0 c:/devkitpro/devkitppc/bin/../lib/gcc/powerpc-gekko/4.2.3/crtbegin.o
 .rela.text.__lwp_thread_closeall
                0x00000000        0x0 c:/devkitpro/devkitppc/bin/../lib/gcc/powerpc-gekko/4.2.3/crtbegin.o
 .rela.text.__lwp_thread_changepriority
                0x00000000        0x0 c:/devkitpro/devkitppc/bin/../lib/gcc/powerpc-gekko/4.2.3/crtbegin.o
 .rela.text.__lwp_thread_coreinit
                0x00000000        0x0 c:/devkitpro/devkitppc/bin/../lib/gcc/powerpc-gekko/4.2.3/crtbegin.o
 .rela.text.__lwp_thread_suspend
                0x00000000        0x0 c:/devkitpro/devkitppc/bin/../lib/gcc/powerpc-gekko/4.2.3/crtbegin.o
 .rela.text.__lwpmq_close
                0x00000000        0x0 c:/devkitpro/devkitppc/bin/../lib/gcc/powerpc-gekko/4.2.3/crtbegin.o
 .rela.text.__lwpmq_initialize
                0x00000000        0x0 c:/devkitpro/devkitppc/bin/../lib/gcc/powerpc-gekko/4.2.3/crtbegin.o
 .rela.text.__lwp_stack_free
                0x00000000        0x0 c:/devkitpro/devkitppc/bin/../lib/gcc/powerpc-gekko/4.2.3/crtbegin.o
 .rela.text.__lwp_stack_allocate
                0x00000000        0x0 c:/devkitpro/devkitppc/bin/../lib/gcc/powerpc-gekko/4.2.3/crtbegin.o
 .rela.text.__lwp_watchdog_init
                0x00000000        0x0 c:/devkitpro/devkitppc/bin/../lib/gcc/powerpc-gekko/4.2.3/crtbegin.o
 .rela.text.__lwp_wd_tickle
                0x00000000        0x0 c:/devkitpro/devkitppc/bin/../lib/gcc/powerpc-gekko/4.2.3/crtbegin.o
 .rela.text.__lwp_wkspace_init
                0x00000000        0x0 c:/devkitpro/devkitppc/bin/../lib/gcc/powerpc-gekko/4.2.3/crtbegin.o
 .rela.text.__lwp_wkspace_heapused
                0x00000000        0x0 c:/devkitpro/devkitppc/bin/../lib/gcc/powerpc-gekko/4.2.3/crtbegin.o
 .rela.text.__lwp_wkspace_heapfree
                0x00000000        0x0 c:/devkitpro/devkitppc/bin/../lib/gcc/powerpc-gekko/4.2.3/crtbegin.o
 .rela.text.__exception_sethandler
                0x00000000        0x0 c:/devkitpro/devkitppc/bin/../lib/gcc/powerpc-gekko/4.2.3/crtbegin.o
 .rela.text.__exception_init
                0x00000000        0x0 c:/devkitpro/devkitppc/bin/../lib/gcc/powerpc-gekko/4.2.3/crtbegin.o
 .rela.text.__systemcall_init
                0x00000000        0x0 c:/devkitpro/devkitppc/bin/../lib/gcc/powerpc-gekko/4.2.3/crtbegin.o
 .rela.text.__irq_init
                0x00000000        0x0 c:/devkitpro/devkitppc/bin/../lib/gcc/powerpc-gekko/4.2.3/crtbegin.o
 .rela.text.__lwp_sema_init
                0x00000000        0x0 c:/devkitpro/devkitppc/bin/../lib/gcc/powerpc-gekko/4.2.3/crtbegin.o
 .rela.text.LWP_SemInit
                0x00000000        0x0 c:/devkitpro/devkitppc/bin/../lib/gcc/powerpc-gekko/4.2.3/crtbegin.o
 .rela.text.LWP_SemDestroy
                0x00000000        0x0 c:/devkitpro/devkitppc/bin/../lib/gcc/powerpc-gekko/4.2.3/crtbegin.o
 .rela.text.LWP_SemPost
                0x00000000        0x0 c:/devkitpro/devkitppc/bin/../lib/gcc/powerpc-gekko/4.2.3/crtbegin.o
 .rela.text.LWP_SemWait
                0x00000000        0x0 c:/devkitpro/devkitppc/bin/../lib/gcc/powerpc-gekko/4.2.3/crtbegin.o
 .rela.text.kprintf
                0x00000000        0x0 c:/devkitpro/devkitppc/bin/../lib/gcc/powerpc-gekko/4.2.3/crtbegin.o
 .rela.text.deflate
                0x00000000        0x0 c:/devkitpro/devkitppc/bin/../lib/gcc/powerpc-gekko/4.2.3/crtbegin.o
 .rela.text.deflate_slow
                0x00000000        0x0 c:/devkitpro/devkitppc/bin/../lib/gcc/powerpc-gekko/4.2.3/crtbegin.o
 .rela.text.deflate_fast
                0x00000000        0x0 c:/devkitpro/devkitppc/bin/../lib/gcc/powerpc-gekko/4.2.3/crtbegin.o
 .rela.text.deflateInit2_
                0x00000000        0x0 c:/devkitpro/devkitppc/bin/../lib/gcc/powerpc-gekko/4.2.3/crtbegin.o
 .rela.text.vorbis_dsp_clear
                0x00000000        0x0 c:/devkitpro/devkitppc/bin/../lib/gcc/powerpc-gekko/4.2.3/crtbegin.o
 .rela.text.vorbis_synthesis_init
                0x00000000        0x0 c:/devkitpro/devkitppc/bin/../lib/gcc/powerpc-gekko/4.2.3/crtbegin.o
 .rela.text.vorbis_synthesis
                0x00000000        0x0 c:/devkitpro/devkitppc/bin/../lib/gcc/powerpc-gekko/4.2.3/crtbegin.o
 .rela.text.vorbis_info_clear
                0x00000000        0x0 c:/devkitpro/devkitppc/bin/../lib/gcc/powerpc-gekko/4.2.3/crtbegin.o
 .rela.text.vorbis_synthesis_headerin
                0x00000000        0x0 c:/devkitpro/devkitppc/bin/../lib/gcc/powerpc-gekko/4.2.3/crtbegin.o

.rel.fini
 *(.rel.fini)

.rela.fini
 *(.rela.fini)

.rel.rodata
 *(.rel.rodata .rel.rodata.* .rel.gnu.linkonce.r.*)

.rela.rodata    0x80003308        0x0
 *(.rela.rodata .rela.rodata.* .rela.gnu.linkonce.r.*)
 .rela.rodata.cst4
                0x00000000        0x0 c:/devkitpro/devkitppc/bin/../lib/gcc/powerpc-gekko/4.2.3/crtbegin.o
 .rela.rodata.dotab_fat
                0x00000000        0x0 c:/devkitpro/devkitppc/bin/../lib/gcc/powerpc-gekko/4.2.3/crtbegin.o
 .rela.rodata.C.11.4332
                0x00000000        0x0 c:/devkitpro/devkitppc/bin/../lib/gcc/powerpc-gekko/4.2.3/crtbegin.o
 .rela.rodata.C.10.4304
                0x00000000        0x0 c:/devkitpro/devkitppc/bin/../lib/gcc/powerpc-gekko/4.2.3/crtbegin.o

.rel.data
 *(.rel.data .rel.data.* .rel.gnu.linkonce.d.*)

.rela.data      0x80003308        0x0
 *(.rela.data .rela.data.* .rela.gnu.linkonce.d.*)
 .rela.data._residue_P
                0x00000000        0x0 c:/devkitpro/devkitppc/bin/../lib/gcc/powerpc-gekko/4.2.3/crtbegin.o

.rel.tdata
 *(.rel.tdata .rel.tdata.* .rel.gnu.linkonce.td.*)

.rela.tdata
 *(.rela.tdata .rela.tdata.* .rela.gnu.linkonce.td.*)

.rel.tbss
 *(.rel.tbss .rel.tbss.* .rel.gnu.linkonce.tb.*)

.rela.tbss
 *(.rela.tbss .rela.tbss.* .rela.gnu.linkonce.tb.*)

.rel.ctors
 *(.rel.ctors)

.rela.ctors
 *(.rela.ctors)

.rel.dtors
 *(.rel.dtors)

.rela.dtors
 *(.rela.dtors)

.rel.got
 *(.rel.got)

.rela.got
 *(.rela.got)

.rela.got1
 *(.rela.got1)

.rela.got2      0x80003308        0x0
 *(.rela.got2)
 .rela.got2     0x00000000        0x0 c:/devkitpro/devkitppc/bin/../lib/gcc/powerpc-gekko/4.2.3/crtbegin.o

.rel.sdata
 *(.rel.sdata .rel.sdata.* .rel.gnu.linkonce.s.*)

.rela.sdata     0x80003308        0x0
 *(.rela.sdata .rela.sdata.* .rela.gnu.linkonce.s.*)
 .rela.sdata.ioInterfaces
                0x00000000        0x0 c:/devkitpro/devkitppc/bin/../lib/gcc/powerpc-gekko/4.2.3/crtbegin.o
 .rela.sdata._mapping_P
                0x00000000        0x0 c:/devkitpro/devkitppc/bin/../lib/gcc/powerpc-gekko/4.2.3/crtbegin.o
 .rela.sdata._floor_P
                0x00000000        0x0 c:/devkitpro/devkitppc/bin/../lib/gcc/powerpc-gekko/4.2.3/crtbegin.o

.rel.sbss
 *(.rel.sbss .rel.sbss.* .rel.gnu.linkonce.sb.*)

.rela.sbss
 *(.rela.sbss .rela.sbss.* .rel.gnu.linkonce.sb.*)

.rel.sdata2
 *(.rel.sdata2 .rel.sdata2.* .rel.gnu.linkonce.s2.*)

.rela.sdata2    0x80003308        0x0
 *(.rela.sdata2 .rela.sdata2.* .rela.gnu.linkonce.s2.*)
 .rela.sdata2.__sys_inIPL
                0x00000000        0x0 c:/devkitpro/devkitppc/bin/../lib/gcc/powerpc-gekko/4.2.3/crtbegin.o

.rel.sbss2
 *(.rel.sbss2 .rel.sbss2.* .rel.gnu.linkonce.sb2.*)

.rela.sbss2
 *(.rela.sbss2 .rela.sbss2.* .rela.gnu.linkonce.sb2.*)

.rel.bss
 *(.rel.bss .rel.bss.* .rel.gnu.linkonce.b.*)

.rela.bss
 *(.rela.bss .rela.bss.* .rela.gnu.linkonce.b.*)

.rel.plt
 *(.rel.plt)

.rela.plt
 *(.rela.plt)

.text           0x80003320    0x665e0
 *(.text)
 .text          0x80003320      0x140 c:/devkitpro/devkitppc/bin/../lib/gcc/powerpc-gekko/4.2.3/crtbegin.o
 .text          0x80003460       0x48 c:/devkitpro/devkitppc/bin/../lib/gcc/powerpc-gekko/4.2.3/../../../../powerpc-gekko/lib/crtmain.o
                0x80003464                __crtmain
 .text          0x800034a8      0x4d8 c:/devkitPro/libogc/lib/cube\libogc.a(cache_asm.o)
                0x80003784                L2Disable
                0x8000350c                DCBlockZero
                0x800035c4                DCFlushRangeNoSync
                0x80003718                ICBlockInvalidate
                0x800034a8                DCFlashInvalidate
                0x80003514                DCBlockStore
                0x80003624                DCZeroRange
                0x80003938                LCLoadBlocks
                0x80003504                DCTouchLoad
                0x800038f8                LCAllocTags
                0x800036e0                ICDisable
                0x800036cc                ICEnable
                0x8000379c                L2GlobalInvalidate
                0x8000395c                LCStoreBlocks
                0x800036bc                ICFlashInvalidate
                0x80003654                DCTouchRange
                0x800035f4                DCStoreRangeNoSync
                0x800036f4                ICFreeze
                0x800034cc                DCDisable
                0x8000351c                DCBlockFlush
                0x800034b8                DCEnable
                0x80003770                L2Enable
                0x800037f4                __LCEnable
                0x8000352c                DCInvalidateRange
                0x800038e4                LCAllocOneTag
                0x800034f4                DCUnfreeze
                0x80003684                ICInvalidateRange
                0x8000355c                DCFlushRange
                0x80003720                ICSync
                0x80003524                DCBlockInvalidate
                0x800034e0                DCFreeze
                0x80003728                L2Init
                0x80003708                ICUnfreeze
                0x80003590                DCStoreRange
                0x800038bc                LCDisable
 .text          0x80003980      0x304 c:/devkitPro/libogc/lib/cube\libogc.a(system_asm.o)
                0x80003a18                __configMEM1_48Mb
                0x80003be4                __reset
                0x80003980                __realmode
                0x80003ad0                __CacheInit
                0x80003b34                __SystemInit
                0x80003998                __configMEM1_24Mb
                0x80003a98                __PSInit
                0x80003bb0                __flush_cache
                0x80003c54                SYS_SwitchFiber
 *fill*         0x80003c84       0x1c 00000000
 .text          0x80003ca0      0x4e8 c:/devkitPro/libogc/lib/cube\libogc.a(lwp_handler.o)
                0x80003de0                _cpu_context_restore_fp
                0x800040a0                _cpu_context_save
                0x80003ca0                _cpu_context_save_fp
                0x80003f20                _cpu_context_switch
                0x80004120                _cpu_context_restore
 .text          0x80004188      0x1b0 c:/devkitPro/libogc/lib/cube\libogc.a(irq_handler.o)
                0x80004188                irq_exceptionhandler
 .text          0x80004338      0x118 c:/devkitPro/libogc/lib/cube\libogc.a(video_asm.o)
                0x80004338                __VIClearFramebuffer
 .text          0x80004450      0x1b0 c:/devkitPro/libogc/lib/cube\libogc.a(decrementer_handler.o)
                0x80004450                dec_exceptionhandler
 .text          0x80004600      0x34c c:/devkitPro/libogc/lib/cube\libogc.a(exception_handler.o)
                0x80004600                exceptionhandler_start
                0x800046b4                default_exceptionhandler
                0x80004948                systemcallhandler_end
                0x8000492c                systemcallhandler_start
                0x800046b0                exceptionhandler_end
                0x8000467c                exceptionhandler_patch
                0x800047f4                fpu_exceptionhandler
 .text          0x8000494c      0x290 c:/devkitpro/devkitppc/bin/../lib/gcc/powerpc-gekko/4.2.3/../../../../powerpc-gekko/lib\libm.a(lib_a-s_pow.o)
                0x8000494c                pow
 .text          0x80004bdc      0x218 c:/devkitpro/devkitppc/bin/../lib/gcc/powerpc-gekko/4.2.3/../../../../powerpc-gekko/lib\libm.a(lib_a-s_exp.o)
                0x80004bdc                exp
 .text          0x80004df4       0xb4 c:/devkitpro/devkitppc/bin/../lib/gcc/powerpc-gekko/4.2.3/../../../../powerpc-gekko/lib\libm.a(lib_a-s_fabs.o)
                0x80004df4                fabs
 .text          0x80004ea8       0x1c c:/devkitpro/devkitppc/bin/../lib/gcc/powerpc-gekko/4.2.3/../../../../powerpc-gekko/lib\libm.a(lib_a-s_ispos.o)
                0x80004ea8                ispos
 .text          0x80004ec4      0x154 c:/devkitpro/devkitppc/bin/../lib/gcc/powerpc-gekko/4.2.3/../../../../powerpc-gekko/lib\libm.a(lib_a-s_ldexp.o)
                0x80004ec4                ldexp
 .text          0x80005018       0x24 c:/devkitpro/devkitppc/bin/../lib/gcc/powerpc-gekko/4.2.3/../../../../powerpc-gekko/lib\libm.a(lib_a-s_log.o)
                0x80005018                log
 .text          0x8000503c      0x200 c:/devkitpro/devkitppc/bin/../lib/gcc/powerpc-gekko/4.2.3/../../../../powerpc-gekko/lib\libm.a(lib_a-s_logarithm.o)
                0x8000503c                logarithm
 .text          0x8000523c      0x244 c:/devkitpro/devkitppc/bin/../lib/gcc/powerpc-gekko/4.2.3/../../../../powerpc-gekko/lib\libm.a(lib_a-s_modf.o)
                0x8000523c                modf
 .text          0x80005480       0x50 c:/devkitpro/devkitppc/bin/../lib/gcc/powerpc-gekko/4.2.3/../../../../powerpc-gekko/lib\libm.a(lib_a-s_numtest.o)
                0x80005480                numtest
 .text          0x800054d0       0xc8 c:/devkitpro/devkitppc/bin/../lib/gcc/powerpc-gekko/4.2.3/../../../../powerpc-gekko/lib\libm.a(lib_a-s_fpclassify.o)
                0x800054d0                __fpclassifyd
 .text          0x80005598       0xb4 c:/devkitpro/devkitppc/bin/../lib/gcc/powerpc-gekko/4.2.3/../../../../powerpc-gekko/lib\libm.a(lib_a-s_frexp.o)
                0x80005598                frexp
 .text          0x8000564c       0x38 c:/devkitpro/devkitppc/bin/../lib/gcc/powerpc-gekko/4.2.3/../../../../powerpc-gekko/lib\libm.a(lib_a-s_isnand.o)
                0x8000564c                __isnand
 .text          0x80005684      0x42c c:/devkitpro/devkitppc/bin/../lib/gcc/powerpc-gekko/4.2.3\libgcc.a(_divdi3.o)
                0x80005684                __divdi3
 .text          0x80005ab0      0x430 c:/devkitpro/devkitppc/bin/../lib/gcc/powerpc-gekko/4.2.3\libgcc.a(_udivdi3.o)
                0x80005ab0                __udivdi3
 .text          0x80005ee0       0x28 c:/devkitpro/devkitppc/bin/../lib/gcc/powerpc-gekko/4.2.3/../../../../powerpc-gekko/lib\libsysbase.a(abort.o)
                0x80005ee0                abort
 .text          0x80005f08      0x280 c:/devkitpro/devkitppc/bin/../lib/gcc/powerpc-gekko/4.2.3/../../../../powerpc-gekko/lib\libsysbase.a(iosupport.o)
                0x80006138                RemoveDevice
                0x80005f08                setDefaultDevice
                0x80005f20                AddDevice
                0x80006048                FindDevice
 .text          0x80006188       0x28 c:/devkitpro/devkitppc/bin/../lib/gcc/powerpc-gekko/4.2.3/../../../../powerpc-gekko/lib\libsysbase.a(_exit.o)
                0x80006188                _exit
 .text          0x800061b0      0x510 c:/devkitpro/devkitppc/bin/../lib/gcc/powerpc-gekko/4.2.3/../../../../powerpc-gekko/lib\libsysbase.a(chdir.o)
                0x80006538                chdir
                0x800061b0                getcwd
                0x80006294                _concatenate_path
 .text          0x800066c0       0x88 c:/devkitpro/devkitppc/bin/../lib/gcc/powerpc-gekko/4.2.3/../../../../powerpc-gekko/lib\libsysbase.a(mkdir.o)
                0x800066c0                mkdir
 .text          0x80006748      0x290 c:/devkitpro/devkitppc/bin/../lib/gcc/powerpc-gekko/4.2.3/../../../../powerpc-gekko/lib\libsysbase.a(dir.o)
                0x80006748                dirreset
                0x800067b4                dirnext
                0x800068bc                diropen
                0x80006830                dirclose
 .text          0x800069d8       0x9c c:/devkitpro/devkitppc/bin/../lib/gcc/powerpc-gekko/4.2.3/../../../../powerpc-gekko/lib\libsysbase.a(build_argv.o)
                0x800069d8                build_argv
 .text          0x80006a74      0x168 c:/devkitpro/devkitppc/bin/../lib/gcc/powerpc-gekko/4.2.3/../../../../powerpc-gekko/lib\libsysbase.a(syscall_support.o)
                0x80006ba8                __malloc_unlock
                0x80006af4                __libc_lock_release
                0x80006a74                __libc_lock_init
                0x80006b74                __malloc_lock
                0x80006ab4                __libc_lock_close
                0x80006b34                __libc_lock_acquire
 .text          0x80006bdc       0x34 c:/devkitpro/devkitppc/bin/../lib/gcc/powerpc-gekko/4.2.3/../../../../powerpc-gekko/lib\libc.a(lib_a-calloc.o)
                0x80006bdc                calloc
 .text          0x80006c10       0xd0 c:/devkitpro/devkitppc/bin/../lib/gcc/powerpc-gekko/4.2.3/../../../../powerpc-gekko/lib\libc.a(lib_a-callocr.o)
                0x80006c10                _calloc_r
 .text          0x80006ce0        0xc c:/devkitpro/devkitppc/bin/../lib/gcc/powerpc-gekko/4.2.3/../../../../powerpc-gekko/lib\libc.a(lib_a-errno.o)
                0x80006ce0                __errno
 .text          0x80006cec       0x40 c:/devkitpro/devkitppc/bin/../lib/gcc/powerpc-gekko/4.2.3/../../../../powerpc-gekko/lib\libc.a(lib_a-exit.o)
                0x80006cec                exit
 .text          0x80006d2c      0x188 c:/devkitpro/devkitppc/bin/../lib/gcc/powerpc-gekko/4.2.3/../../../../powerpc-gekko/lib\libc.a(lib_a-fclose.o)
                0x80006d2c                _fclose_r
                0x80006ea4                fclose
 .text          0x80006eb4      0x310 c:/devkitpro/devkitppc/bin/../lib/gcc/powerpc-gekko/4.2.3/../../../../powerpc-gekko/lib\libc.a(lib_a-fflush.o)
                0x80007174                fflush
                0x80006eb4                _fflush_r
 .text          0x800071c4      0x4ac c:/devkitpro/devkitppc/bin/../lib/gcc/powerpc-gekko/4.2.3/../../../../powerpc-gekko/lib\libc.a(lib_a-findfp.o)
                0x800073b0                __sinit
                0x800074d0                __sfmoreglue
                0x800071ec                _cleanup
                0x800071c4                _cleanup_r
                0x8000749c                __fp_lock_all
                0x8000744c                __sfp_lock_acquire
                0x80007548                __sfp
                0x80007258                __sinit_lock_release
                0x800072ac                __fp_unlock_all
                0x80007280                __sfp_lock_release
                0x80007364                __sinit_lock_acquire
 .text          0x80007670      0x154 c:/devkitpro/devkitppc/bin/../lib/gcc/powerpc-gekko/4.2.3/../../../../powerpc-gekko/lib\libc.a(lib_a-fopen.o)
                0x800077ac                fopen
                0x80007670                _fopen_r
 .text          0x800077c4      0x110 c:/devkitpro/devkitppc/bin/../lib/gcc/powerpc-gekko/4.2.3/../../../../powerpc-gekko/lib\libc.a(lib_a-fprintf.o)
                0x800077c4                fprintf
                0x80007858                _fprintf_r
 .text          0x800078d4      0x3c0 c:/devkitpro/devkitppc/bin/../lib/gcc/powerpc-gekko/4.2.3/../../../../powerpc-gekko/lib\libc.a(lib_a-fread.o)
                0x80007c6c                fread
                0x800078d4                _fread_r
 .text          0x80007c94      0x3f8 c:/devkitpro/devkitppc/bin/../lib/gcc/powerpc-gekko/4.2.3/../../../../powerpc-gekko/lib\libc.a(lib_a-freer.o)
                0x80007db0                _free_r
                0x80007c94                _malloc_trim_r
 .text          0x8000808c      0x5b4 c:/devkitpro/devkitppc/bin/../lib/gcc/powerpc-gekko/4.2.3/../../../../powerpc-gekko/lib\libc.a(lib_a-fseek.o)
                0x80008620                fseek
                0x8000808c                _fseek_r
 .text          0x80008640      0x20c c:/devkitpro/devkitppc/bin/../lib/gcc/powerpc-gekko/4.2.3/../../../../powerpc-gekko/lib\libc.a(lib_a-fwalk.o)
                0x8000874c                _fwalk
                0x80008640                _fwalk_reent
 .text          0x8000884c      0x17c c:/devkitpro/devkitppc/bin/../lib/gcc/powerpc-gekko/4.2.3/../../../../powerpc-gekko/lib\libc.a(lib_a-fwrite.o)
                0x8000884c                _fwrite_r
                0x800089a0                fwrite
 .text          0x800089c8      0x124 c:/devkitpro/devkitppc/bin/../lib/gcc/powerpc-gekko/4.2.3/../../../../powerpc-gekko/lib\libc.a(lib_a-iprintf.o)
                0x800089c8                _iprintf_r
                0x80008a54                iprintf
 .text          0x80008aec       0x2c c:/devkitpro/devkitppc/bin/../lib/gcc/powerpc-gekko/4.2.3/../../../../powerpc-gekko/lib\libc.a(lib_a-lcltime.o)
                0x80008aec                localtime
 .text          0x80008b18       0x24 c:/devkitpro/devkitppc/bin/../lib/gcc/powerpc-gekko/4.2.3/../../../../powerpc-gekko/lib\libc.a(lib_a-lcltime_r.o)
                0x80008b18                localtime_r
 .text          0x80008b3c      0x4c4 c:/devkitpro/devkitppc/bin/../lib/gcc/powerpc-gekko/4.2.3/../../../../powerpc-gekko/lib\libc.a(lib_a-locale.o)
                0x80008b60                _setlocale_r
                0x80008b3c                __locale_charset
                0x80008b48                _localeconv_r
                0x80008fe8                setlocale
                0x80008b54                localeconv
 .text          0x80009000      0x1bc c:/devkitpro/devkitppc/bin/../lib/gcc/powerpc-gekko/4.2.3/../../../../powerpc-gekko/lib\libc.a(lib_a-makebuf.o)
                0x80009000                __smakebuf_r
 .text          0x800091bc       0x34 c:/devkitpro/devkitppc/bin/../lib/gcc/powerpc-gekko/4.2.3/../../../../powerpc-gekko/lib\libc.a(lib_a-malign.o)
                0x800091bc                memalign
 .text          0x800091f0      0x1b0 c:/devkitpro/devkitppc/bin/../lib/gcc/powerpc-gekko/4.2.3/../../../../powerpc-gekko/lib\libc.a(lib_a-malignr.o)
                0x800091f0                _memalign_r
 .text          0x800093a0       0x58 c:/devkitpro/devkitppc/bin/../lib/gcc/powerpc-gekko/4.2.3/../../../../powerpc-gekko/lib\libc.a(lib_a-malloc.o)
                0x800093cc                malloc
                0x800093a0                free
 .text          0x800093f8      0x86c c:/devkitpro/devkitppc/bin/../lib/gcc/powerpc-gekko/4.2.3/../../../../powerpc-gekko/lib\libc.a(lib_a-mallocr.o)
                0x800093f8                _malloc_r
 .text          0x80009c64       0xb4 c:/devkitpro/devkitppc/bin/../lib/gcc/powerpc-gekko/4.2.3/../../../../powerpc-gekko/lib\libc.a(lib_a-mbrtowc.o)
                0x80009cf0                mbrtowc
                0x80009c64                _mbrtowc_r
 .text          0x80009d18      0x1d4 c:/devkitpro/devkitppc/bin/../lib/gcc/powerpc-gekko/4.2.3/../../../../powerpc-gekko/lib\libc.a(lib_a-mbsrtowcs.o)
                0x80009ec4                mbsrtowcs
                0x80009d18                _mbsrtowcs_r
 .text          0x80009eec      0x9a8 c:/devkitpro/devkitppc/bin/../lib/gcc/powerpc-gekko/4.2.3/../../../../powerpc-gekko/lib\libc.a(lib_a-mbtowc_r.o)
                0x80009eec                _mbtowc_r
 .text          0x8000a894       0xf4 c:/devkitpro/devkitppc/bin/../lib/gcc/powerpc-gekko/4.2.3/../../../../powerpc-gekko/lib\libc.a(lib_a-memchr.o)
                0x8000a894                memchr
 .text          0x8000a988       0x8c c:/devkitpro/devkitppc/bin/../lib/gcc/powerpc-gekko/4.2.3/../../../../powerpc-gekko/lib\libc.a(lib_a-memcmp.o)
                0x8000a988                memcmp
 .text          0x8000aa14       0xc8 c:/devkitpro/devkitppc/bin/../lib/gcc/powerpc-gekko/4.2.3/../../../../powerpc-gekko/lib\libc.a(lib_a-memcpy.o)
                0x8000aa14                memcpy
 .text          0x8000aadc      0x104 c:/devkitpro/devkitppc/bin/../lib/gcc/powerpc-gekko/4.2.3/../../../../powerpc-gekko/lib\libc.a(lib_a-memmove.o)
                0x8000aadc                memmove
 .text          0x8000abe0       0xac c:/devkitpro/devkitppc/bin/../lib/gcc/powerpc-gekko/4.2.3/../../../../powerpc-gekko/lib\libc.a(lib_a-memset.o)
                0x8000abe0                memset
 .text          0x8000ac8c      0x72c c:/devkitpro/devkitppc/bin/../lib/gcc/powerpc-gekko/4.2.3/../../../../powerpc-gekko/lib\libc.a(lib_a-mktime.o)
                0x8000afdc                mktime
 .text          0x8000b3b8      0x870 c:/devkitpro/devkitppc/bin/../lib/gcc/powerpc-gekko/4.2.3/../../../../powerpc-gekko/lib\libc.a(lib_a-mktm_r.o)
                0x8000b3b8                __tzcalc_limits
                0x8000b62c                _mktm_r
 .text          0x8000bc28      0x124 c:/devkitpro/devkitppc/bin/../lib/gcc/powerpc-gekko/4.2.3/../../../../powerpc-gekko/lib\libc.a(lib_a-printf.o)
                0x8000bc28                printf
                0x8000bcc0                _printf_r
 .text          0x8000bd4c       0xa8 c:/devkitpro/devkitppc/bin/../lib/gcc/powerpc-gekko/4.2.3/../../../../powerpc-gekko/lib\libc.a(lib_a-puts.o)
                0x8000bd4c                _puts_r
                0x8000bde4                puts
 .text          0x8000bdf4      0xafc c:/devkitpro/devkitppc/bin/../lib/gcc/powerpc-gekko/4.2.3/../../../../powerpc-gekko/lib\libc.a(lib_a-qsort.o)
                0x8000bdf4                qsort
 .text          0x8000c8f0       0x6c c:/devkitpro/devkitppc/bin/../lib/gcc/powerpc-gekko/4.2.3/../../../../powerpc-gekko/lib\libc.a(lib_a-rand.o)
                0x8000c908                rand
                0x8000c8f0                srand
 .text          0x8000c95c       0x34 c:/devkitpro/devkitppc/bin/../lib/gcc/powerpc-gekko/4.2.3/../../../../powerpc-gekko/lib\libc.a(lib_a-realloc.o)
                0x8000c95c                realloc
 .text          0x8000c990      0x668 c:/devkitpro/devkitppc/bin/../lib/gcc/powerpc-gekko/4.2.3/../../../../powerpc-gekko/lib\libc.a(lib_a-reallocr.o)
                0x8000c990                _realloc_r
 .text          0x8000cff8      0x248 c:/devkitpro/devkitppc/bin/../lib/gcc/powerpc-gekko/4.2.3/../../../../powerpc-gekko/lib\libc.a(lib_a-reent.o)
                0x8000d0b8                cleanup_glue
                0x8000d108                _reclaim_reent
                0x8000cff8                _wrapup_reent
 .text          0x8000d240      0x248 c:/devkitpro/devkitppc/bin/../lib/gcc/powerpc-gekko/4.2.3/../../../../powerpc-gekko/lib\libc.a(lib_a-refill.o)
                0x8000d240                __srefill_r
 .text          0x8000d488      0x180 c:/devkitpro/devkitppc/bin/../lib/gcc/powerpc-gekko/4.2.3/../../../../powerpc-gekko/lib\libc.a(lib_a-setjmp.o)
                0x8000d544                longjmp
                0x8000d488                setjmp
 .text          0x8000d608      0x2cc c:/devkitpro/devkitppc/bin/../lib/gcc/powerpc-gekko/4.2.3/../../../../powerpc-gekko/lib\libc.a(lib_a-setvbuf.o)
                0x8000d608                setvbuf
 .text          0x8000d8d4      0x230 c:/devkitpro/devkitppc/bin/../lib/gcc/powerpc-gekko/4.2.3/../../../../powerpc-gekko/lib\libc.a(lib_a-snprintf.o)
                0x8000d8d4                snprintf
                0x8000d9ec                _snprintf_r
 .text          0x8000db04      0x188 c:/devkitpro/devkitppc/bin/../lib/gcc/powerpc-gekko/4.2.3/../../../../powerpc-gekko/lib\libc.a(lib_a-sprintf.o)
                0x8000dbd0                _sprintf_r
                0x8000db04                sprintf
 .text          0x8000dc8c      0x178 c:/devkitpro/devkitppc/bin/../lib/gcc/powerpc-gekko/4.2.3/../../../../powerpc-gekko/lib\libc.a(lib_a-stdio.o)
                0x8000dcb0                __sseek
                0x8000dda0                __sread
                0x8000dc8c                __sclose
                0x8000dd18                __swrite
 .text          0x8000de04       0xa8 c:/devkitpro/devkitppc/bin/../lib/gcc/powerpc-gekko/4.2.3/../../../../powerpc-gekko/lib\libc.a(lib_a-strcasecmp.o)
                0x8000de04                strcasecmp
 .text          0x8000deac       0xf0 c:/devkitpro/devkitppc/bin/../lib/gcc/powerpc-gekko/4.2.3/../../../../powerpc-gekko/lib\libc.a(lib_a-strchr.o)
                0x8000deac                strchr
 .text          0x8000df9c       0xc0 c:/devkitpro/devkitppc/bin/../lib/gcc/powerpc-gekko/4.2.3/../../../../powerpc-gekko/lib\libc.a(lib_a-strcmp.o)
                0x8000df9c                strcmp
 .text          0x8000e05c       0x74 c:/devkitpro/devkitppc/bin/../lib/gcc/powerpc-gekko/4.2.3/../../../../powerpc-gekko/lib\libc.a(lib_a-strcpy.o)
                0x8000e05c                strcpy
 .text          0x8000e0d0      0x454 c:/devkitpro/devkitppc/bin/../lib/gcc/powerpc-gekko/4.2.3/../../../../powerpc-gekko/lib\libc.a(lib_a-strerror.o)
                0x8000e0d0                strerror
 .text          0x8000e524       0x64 c:/devkitpro/devkitppc/bin/../lib/gcc/powerpc-gekko/4.2.3/../../../../powerpc-gekko/lib\libc.a(lib_a-strlen.o)
                0x8000e524                strlen
 .text          0x8000e588       0xc0 c:/devkitpro/devkitppc/bin/../lib/gcc/powerpc-gekko/4.2.3/../../../../powerpc-gekko/lib\libc.a(lib_a-strncasecmp.o)
                0x8000e588                strncasecmp
 .text          0x8000e648      0x144 c:/devkitpro/devkitppc/bin/../lib/gcc/powerpc-gekko/4.2.3/../../../../powerpc-gekko/lib\libc.a(lib_a-strncmp.o)
                0x8000e648                strncmp
 .text          0x8000e78c       0xdc c:/devkitpro/devkitppc/bin/../lib/gcc/powerpc-gekko/4.2.3/../../../../powerpc-gekko/lib\libc.a(lib_a-strncpy.o)
                0x8000e78c                strncpy
 .text          0x8000e868       0x44 c:/devkitpro/devkitppc/bin/../lib/gcc/powerpc-gekko/4.2.3/../../../../powerpc-gekko/lib\libc.a(lib_a-strnlen.o)
                0x8000e868                strnlen
 .text          0x8000e8ac       0x50 c:/devkitpro/devkitppc/bin/../lib/gcc/powerpc-gekko/4.2.3/../../../../powerpc-gekko/lib\libc.a(lib_a-strpbrk.o)
                0x8000e8ac                strpbrk
 .text          0x8000e8fc       0x84 c:/devkitpro/devkitppc/bin/../lib/gcc/powerpc-gekko/4.2.3/../../../../powerpc-gekko/lib\libc.a(lib_a-strrchr.o)
                0x8000e8fc                strrchr
 .text          0x8000e980     0x135c c:/devkitpro/devkitppc/bin/../lib/gcc/powerpc-gekko/4.2.3/../../../../powerpc-gekko/lib\libc.a(lib_a-strtod.o)
                0x8000e9cc                _strtod_r
                0x8000fcc4                strtod
                0x8000fc58                strtof
 .text          0x8000fcdc       0x2c c:/devkitpro/devkitppc/bin/../lib/gcc/powerpc-gekko/4.2.3/../../../../powerpc-gekko/lib\libc.a(lib_a-sysclose.o)
                0x8000fcdc                close
 .text          0x8000fd08       0x3c c:/devkitpro/devkitppc/bin/../lib/gcc/powerpc-gekko/4.2.3/../../../../powerpc-gekko/lib\libc.a(lib_a-syslseek.o)
                0x8000fd08                lseek
 .text          0x8000fd44       0x3c c:/devkitpro/devkitppc/bin/../lib/gcc/powerpc-gekko/4.2.3/../../../../powerpc-gekko/lib\libc.a(lib_a-sysread.o)
                0x8000fd44                read
 .text          0x8000fd80       0x3c c:/devkitpro/devkitppc/bin/../lib/gcc/powerpc-gekko/4.2.3/../../../../powerpc-gekko/lib\libc.a(lib_a-syswrite.o)
                0x8000fd80                write
 .text          0x8000fdbc      0x720 c:/devkitpro/devkitppc/bin/../lib/gcc/powerpc-gekko/4.2.3/../../../../powerpc-gekko/lib\libc.a(lib_a-towlower.o)
                0x8000fdbc                towlower
 .text          0x800104dc      0x700 c:/devkitpro/devkitppc/bin/../lib/gcc/powerpc-gekko/4.2.3/../../../../powerpc-gekko/lib\libc.a(lib_a-towupper.o)
                0x800104dc                towupper
 .text          0x80010bdc       0x74 c:/devkitpro/devkitppc/bin/../lib/gcc/powerpc-gekko/4.2.3/../../../../powerpc-gekko/lib\libc.a(lib_a-tzlock.o)
                0x80010bdc                __tz_unlock
                0x80010c04                __tz_lock
 .text          0x80010c50        0x8 c:/devkitpro/devkitppc/bin/../lib/gcc/powerpc-gekko/4.2.3/../../../../powerpc-gekko/lib\libc.a(lib_a-u_strerr.o)
                0x80010c50                _user_strerror
 .text          0x80010c58     0x1610 c:/devkitpro/devkitppc/bin/../lib/gcc/powerpc-gekko/4.2.3/../../../../powerpc-gekko/lib\libc.a(lib_a-vfiprintf.o)
                0x80012248                vfiprintf
                0x80010cb8                _vfiprintf_r
 .text          0x80012268     0x2344 c:/devkitpro/devkitppc/bin/../lib/gcc/powerpc-gekko/4.2.3/../../../../powerpc-gekko/lib\libc.a(lib_a-vfprintf.o)
                0x800122c8                _vfprintf_r
                0x8001458c                vfprintf
 .text          0x800145ac       0xa4 c:/devkitpro/devkitppc/bin/../lib/gcc/powerpc-gekko/4.2.3/../../../../powerpc-gekko/lib\libc.a(lib_a-wcrtomb.o)
                0x800145ac                _wcrtomb_r
                0x80014630                wcrtomb
 .text          0x80014650      0x1d8 c:/devkitpro/devkitppc/bin/../lib/gcc/powerpc-gekko/4.2.3/../../../../powerpc-gekko/lib\libc.a(lib_a-wcsrtombs.o)
                0x80014650                _wcsrtombs_r
                0x80014800                wcsrtombs
 .text          0x80014828       0x78 c:/devkitpro/devkitppc/bin/../lib/gcc/powerpc-gekko/4.2.3/../../../../powerpc-gekko/lib\libc.a(lib_a-wctob.o)
                0x80014828                wctob
 .text          0x800148a0      0x464 c:/devkitpro/devkitppc/bin/../lib/gcc/powerpc-gekko/4.2.3/../../../../powerpc-gekko/lib\libc.a(lib_a-wctomb_r.o)
                0x800148a0                _wctomb_r
 .text          0x80014d04      0x178 c:/devkitpro/devkitppc/bin/../lib/gcc/powerpc-gekko/4.2.3/../../../../powerpc-gekko/lib\libc.a(lib_a-wsetup.o)
                0x80014d04                __swsetup_r
 .text          0x80014e7c      0x1ac c:/devkitpro/devkitppc/bin/../lib/gcc/powerpc-gekko/4.2.3/../../../../powerpc-gekko/lib\libc.a(lib_a-__call_atexit.o)
                0x80014e7c                __call_exitprocs
 .text          0x80015028       0x54 c:/devkitpro/devkitppc/bin/../lib/gcc/powerpc-gekko/4.2.3/../../../../powerpc-gekko/lib\libc.a(lib_a-div.o)
                0x80015028                div
 .text          0x8001507c     0x1390 c:/devkitpro/devkitppc/bin/../lib/gcc/powerpc-gekko/4.2.3/../../../../powerpc-gekko/lib\libc.a(lib_a-dtoa.o)
                0x800152b8                _dtoa_r
 .text          0x8001640c       0xa4 c:/devkitpro/devkitppc/bin/../lib/gcc/powerpc-gekko/4.2.3/../../../../powerpc-gekko/lib\libc.a(lib_a-flags.o)
                0x8001640c                __sflags
 .text          0x800164b0      0x528 c:/devkitpro/devkitppc/bin/../lib/gcc/powerpc-gekko/4.2.3/../../../../powerpc-gekko/lib\libc.a(lib_a-fvwrite.o)
                0x800164b0                __sfvwrite_r
 .text          0x800169d8      0x918 c:/devkitpro/devkitppc/bin/../lib/gcc/powerpc-gekko/4.2.3/../../../../powerpc-gekko/lib\libc.a(lib_a-gdtoa-gethex.o)
                0x80016a10                __hexdig_init
                0x80016b6c                __gethex
 .text          0x800172f0      0x330 c:/devkitpro/devkitppc/bin/../lib/gcc/powerpc-gekko/4.2.3/../../../../powerpc-gekko/lib\libc.a(lib_a-gdtoa-hexnan.o)
                0x80017324                __hexnan
 .text          0x80017620        0xc c:/devkitpro/devkitppc/bin/../lib/gcc/powerpc-gekko/4.2.3/../../../../powerpc-gekko/lib\libc.a(lib_a-gettzinfo.o)
                0x80017620                __gettzinfo
 .text          0x8001762c      0x234 c:/devkitpro/devkitppc/bin/../lib/gcc/powerpc-gekko/4.2.3/../../../../powerpc-gekko/lib\libc.a(lib_a-jp2uc.o)
                0x8001762c                __jp2uc
 .text          0x80017860     0x1114 c:/devkitpro/devkitppc/bin/../lib/gcc/powerpc-gekko/4.2.3/../../../../powerpc-gekko/lib\libc.a(lib_a-mprec.o)
                0x80017cc8                _mprec_log10
                0x80017d6c                __any_on
                0x80017e0c                _Balloc
                0x80017c04                __ratio
                0x800185cc                __i2b
                0x80017ab4                __b2d
                0x8001884c                __s2b
                0x800179b4                __mcmp
                0x80017884                __hi0bits
                0x80018720                __pow5mult
                0x80018230                __lshift
                0x80018398                __multiply
                0x80017edc                __d2b
                0x80017d04                __copybits
                0x80017a14                __ulp
                0x80018084                __mdiff
                0x800178f0                __lo0bits
                0x80018608                __multadd
                0x80017860                _Bfree
 .text          0x80018974       0x44 c:/devkitpro/devkitppc/bin/../lib/gcc/powerpc-gekko/4.2.3/../../../../powerpc-gekko/lib\libc.a(lib_a-s_isinfd.o)
                0x80018974                __isinfd
 .text          0x800189b8       0x18 c:/devkitpro/devkitppc/bin/../lib/gcc/powerpc-gekko/4.2.3/../../../../powerpc-gekko/lib\libc.a(lib_a-sf_nan.o)
                0x800189b8                nanf
 .text          0x800189d0       0xa0 c:/devkitpro/devkitppc/bin/../lib/gcc/powerpc-gekko/4.2.3/../../../../powerpc-gekko/lib\libsysbase.a(close.o)
                0x800189d0                _close_r
 .text          0x80018a70       0xc8 c:/devkitpro/devkitppc/bin/../lib/gcc/powerpc-gekko/4.2.3/../../../../powerpc-gekko/lib\libsysbase.a(fstat.o)
                0x80018a70                _fstat_r
 .text          0x80018b38        0x8 c:/devkitpro/devkitppc/bin/../lib/gcc/powerpc-gekko/4.2.3/../../../../powerpc-gekko/lib\libsysbase.a(isatty.o)
                0x80018b38                isatty
 .text          0x80018b40       0xd0 c:/devkitpro/devkitppc/bin/../lib/gcc/powerpc-gekko/4.2.3/../../../../powerpc-gekko/lib\libsysbase.a(lseek.o)
                0x80018b40                _lseek_r
 .text          0x80018c10      0x14c c:/devkitpro/devkitppc/bin/../lib/gcc/powerpc-gekko/4.2.3/../../../../powerpc-gekko/lib\libsysbase.a(open.o)
                0x80018c10                _open_r
 .text          0x80018d5c       0xcc c:/devkitpro/devkitppc/bin/../lib/gcc/powerpc-gekko/4.2.3/../../../../powerpc-gekko/lib\libsysbase.a(read.o)
                0x80018d5c                _read_r
 .text          0x80018e28       0x50 c:/devkitpro/devkitppc/bin/../lib/gcc/powerpc-gekko/4.2.3/../../../../powerpc-gekko/lib\libsysbase.a(sbrk.o)
                0x80018e28                _sbrk_r
 .text          0x80018e78       0xcc c:/devkitpro/devkitppc/bin/../lib/gcc/powerpc-gekko/4.2.3/../../../../powerpc-gekko/lib\libsysbase.a(write.o)
                0x80018e78                _write_r
 .text          0x80018f44       0x6c c:/devkitpro/devkitppc/bin/../lib/gcc/powerpc-gekko/4.2.3/../../../../powerpc-gekko/lib\libsysbase.a(flock.o)
                0x80018f68                __flockfile
                0x80018f44                __funlockfile
 .text          0x80018fb0      0x120 c:/devkitpro/devkitppc/bin/../lib/gcc/powerpc-gekko/4.2.3/../../../../powerpc-gekko/lib\libsysbase.a(handle_manager.o)
                0x80019074                __release_handle
                0x80018fdc                __alloc_handle
                0x80018fb0                __get_handle
 .text          0x800190d0      0x450 c:/devkitpro/devkitppc/bin/../lib/gcc/powerpc-gekko/4.2.3\libgcc.a(_umoddi3.o)
                0x800190d0                __umoddi3
 .text          0x80019520       0x6c c:/devkitpro/devkitppc/bin/../lib/gcc/powerpc-gekko/4.2.3/crtend.o
 *(.text.*)
 .text.checkInput_CS
                0x8001958c       0x44 creditScreen.o
                0x8001958c                checkInput_CS
 .text.creditScreen
                0x800195d0      0x154 creditScreen.o
                0x800195d0                creditScreen
 .text.updateEventsGfx
                0x80019724       0x40 graphics.o
                0x80019724                updateEventsGfx
 .text.drawLevelSelectCursor
                0x80019764      0x170 graphics.o
                0x80019764                drawLevelSelectCursor
 .text.drawRectMarker
                0x800198d4      0x120 graphics.o
                0x800198d4                drawRectMarker
 .text.drawPreview
                0x800199f4       0xcc graphics.o
                0x800199f4                drawPreview
 .text.splashScreen
                0x80019ac0      0x2cc graphics.o
                0x80019ac0                splashScreen
 .text.loadTheme
                0x80019d8c      0x41c graphics.o
                0x80019d8c                loadTheme
 .text.initThemes
                0x8001a1a8       0xcc graphics.o
                0x8001a1a8                initThemes
 .text.initGfx  0x8001a274      0xcd0 graphics.o
                0x8001a274                initGfx
 .text.printTime
                0x8001af44      0x1a0 graphics.o
                0x8001af44                printTime
 .text.printText
                0x8001b0e4      0x118 graphics.o
                0x8001b0e4                printText
 .text.drawScene
                0x8001b1fc      0x368 graphics.o
                0x8001b1fc                drawScene
 .text.helpNeeded
                0x8001b564      0x918 graphics.o
                0x8001b564                helpNeeded
 .text.showLevelComplete
                0x8001be7c       0x84 graphics.o
                0x8001be7c                showLevelComplete
 .text.checkInput_HTP
                0x8001bf00       0x94 howToPlay.o
                0x8001bf00                checkInput_HTP
 .text.howToPlayScreen
                0x8001bf94      0x2b4 howToPlay.o
                0x8001bf94                howToPlayScreen
 .text.levelSelect
                0x8001c248      0x8c8 levelSelect.o
                0x8001c248                levelSelect
 .text.FLIP32   0x8001cb10       0x24 libscognito.o
                0x8001cb10                FLIP32
 .text.FLIP16   0x8001cb34       0x10 libscognito.o
                0x8001cb34                FLIP16
 .text.CvtRGB   0x8001cb44      0x16c libscognito.o
                0x8001cb44                CvtRGB
 .text.drawSprite
                0x8001ccb0      0x108 libscognito.o
                0x8001ccb0                drawSprite
 .text.drawFilledRect
                0x8001cdb8       0xe4 libscognito.o
                0x8001cdb8                drawFilledRect
 .text.exitGame
                0x8001ce9c       0x2c libscognito.o
                0x8001ce9c                exitGame
 .text.breakpoint
                0x8001cec8      0x108 libscognito.o
                0x8001cec8                breakpoint
 .text.sleepMSeconds
                0x8001cfd0       0x48 libscognito.o
                0x8001cfd0                sleepMSeconds
 .text.sleepSeconds
                0x8001d018       0x4c libscognito.o
                0x8001d018                sleepSeconds
 .text.drawBackground
                0x8001d064      0x1dc libscognito.o
                0x8001d064                drawBackground
 .text.deleteSprite
                0x8001d240       0x24 libscognito.o
                0x8001d240                deleteSprite
 .text.deleteBackground
                0x8001d264       0x24 libscognito.o
                0x8001d264                deleteBackground
 .text.createSprite
                0x8001d288      0x30c libscognito.o
                0x8001d288                createSprite
 .text.createBackground
                0x8001d594      0x304 libscognito.o
                0x8001d594                createBackground
 .text.initWii  0x8001d898       0xf8 libscognito.o
                0x8001d898                initWii
 .text.getRandomNum
                0x8001d990       0x50 libscognito.o
                0x8001d990                getRandomNum
 .text.resetVars
                0x8001d9e0       0xd8 main.o
                0x8001d9e0                resetVars
 .text.fillRowsColumns
                0x8001dab8      0x1b8 main.o
                0x8001dab8                fillRowsColumns
 .text.updateFrames
                0x8001dc70       0x24 main.o
                0x8001dc70                updateFrames
 .text.checkLevelFinished
                0x8001dc94       0x2c main.o
                0x8001dc94                checkLevelFinished
 .text.checkLevelFinishedModeFree
                0x8001dcc0       0x70 main.o
                0x8001dcc0                checkLevelFinishedModeFree
 .text.updateWiimote
                0x8001dd30       0x10 main.o
                0x8001dd30                updateWiimote
 .text.updateTime
                0x8001dd40       0x90 main.o
                0x8001dd40                updateTime
 .text.isChristmas
                0x8001ddd0       0x80 main.o
                0x8001ddd0                isChristmas
 .text.performLevelComplete
                0x8001de50      0x138 main.o
                0x8001de50                performLevelComplete
 .text.updateErrors
                0x8001df88      0x1f4 main.o
                0x8001df88                updateErrors
 .text.checkTile
                0x8001e17c      0x270 main.o
                0x8001e17c                checkTile
 .text.checkInput
                0x8001e3ec      0x57c main.o
                0x8001e3ec                checkInput
 .text.initVars
                0x8001e968      0x110 main.o
                0x8001e968                initVars
 .text.parseLevel
                0x8001ea78       0xd4 main.o
                0x8001ea78                parseLevel
 .text.startNewLevel
                0x8001eb4c       0x9c main.o
                0x8001eb4c                startNewLevel
 .text.main     0x8001ebe8      0x164 main.o
                0x8001ebe8                main
 .text.StatusOgg
                0x8001ed4c       0x44 oggplayer.o
                0x8001ed4c                StatusOgg
 .text.ogg_player_thread
                0x8001ed90      0x354 oggplayer.o
 .text.ogg_add_callback
                0x8001f0e4      0x104 oggplayer.o
 .text.StopOgg  0x8001f1e8       0x6c oggplayer.o
                0x8001f1e8                StopOgg
 .text.PlayOgg  0x8001f254      0x14c oggplayer.o
                0x8001f254                PlayOgg
 .text.applyChanges
                0x8001f3a0      0x174 optionScreen.o
                0x8001f3a0                applyChanges
 .text.checkInput_OS
                0x8001f514      0x2c4 optionScreen.o
                0x8001f514                checkInput_OS
 .text.optionScreen
                0x8001f7d8      0x36c optionScreen.o
                0x8001f7d8                optionScreen
 .text.checkInputPS
                0x8001fb44      0x1ec pauseScreen.o
                0x8001fb44                checkInputPS
 .text.pauseScreen
                0x8001fd30      0x16c pauseScreen.o
                0x8001fd30                pauseScreen
 .text.PNGU_RGB8_TO_YCbYCr
                0x8001fe9c      0x16c pngu.o
                0x8001fe9c                PNGU_RGB8_TO_YCbYCr
 .text.pngu_flush_data_to_buffer
                0x80020008        0x4 pngu.o
                0x80020008                pngu_flush_data_to_buffer
 .text.pngu_clamp
                0x8002000c       0x24 pngu.o
                0x8002000c                pngu_clamp
 .text.PNGU_YCbYCr_TO_RGB8
                0x80020030      0x1a8 pngu.o
                0x80020030                PNGU_YCbYCr_TO_RGB8
 .text.pngu_write_data_to_buffer
                0x800201d8       0x68 pngu.o
                0x800201d8                pngu_write_data_to_buffer
 .text.pngu_read_data_from_buffer
                0x80020240       0x68 pngu.o
                0x80020240                pngu_read_data_from_buffer
 .text.pngu_free_info
                0x800202a8       0x64 pngu.o
                0x800202a8                pngu_free_info
 .text.PNGU_SelectImageFromBuffer
                0x8002030c       0x74 pngu.o
                0x8002030c                PNGU_SelectImageFromBuffer
 .text.PNGU_ReleaseImageContext
                0x80020380       0x68 pngu.o
                0x80020380                PNGU_ReleaseImageContext
 .text.pngu_info
                0x800203e8      0x508 pngu.o
                0x800203e8                pngu_info
 .text.pngu_decode
                0x800208f0      0x254 pngu.o
                0x800208f0                pngu_decode
 .text.PNGU_DecodeToYCbYCr
                0x80020b44      0x168 pngu.o
                0x80020b44                PNGU_DecodeToYCbYCr
 .text.PNGU_GetImageProperties
                0x80020cac       0x94 pngu.o
                0x80020cac                PNGU_GetImageProperties
 .text.PNGU_EncodeFromYCbYCr
                0x80020d40      0x304 pngu.o
                0x80020d40                PNGU_EncodeFromYCbYCr
 .text.PNGU_SelectImageFromDevice
                0x80021044       0xc8 pngu.o
                0x80021044                PNGU_SelectImageFromDevice
 .text.playOggMusic
                0x8002110c        0x4 sound.o
                0x8002110c                playOggMusic
 .text.checkOggExt
                0x80021110       0x50 sound.o
                0x80021110                checkOggExt
 .text.swap     0x80021160       0x8c sound.o
                0x80021160                swap
 .text.shuffle  0x800211ec       0x80 sound.o
                0x800211ec                shuffle
 .text.playBloop
                0x8002126c       0x50 sound.o
                0x8002126c                playBloop
 .text.playError
                0x800212bc       0x50 sound.o
                0x800212bc                playError
 .text.playClick
                0x8002130c       0x50 sound.o
                0x8002130c                playClick
 .text.loadCustomSongs
                0x8002135c      0x100 sound.o
                0x8002135c                loadCustomSongs
 .text.playLevelCleared
                0x8002145c       0x3c sound.o
                0x8002145c                playLevelCleared
 .text.playTitleScreenMusic
                0x80021498       0x98 sound.o
                0x80021498                playTitleScreenMusic
 .text.playDefaultLevelMusic
                0x80021530       0xb4 sound.o
                0x80021530                playDefaultLevelMusic
 .text.initSound
                0x800215e4       0x4c sound.o
                0x800215e4                initSound
 .text.readThemesDir
                0x80021630      0x3c0 storage.o
                0x80021630                readThemesDir
 .text.readSD   0x800219f0      0x180 storage.o
                0x800219f0                readSD
 .text.writeSD  0x80021b70      0x148 storage.o
                0x80021b70                writeSD
 .text.initStorage
                0x80021cb8       0xc4 storage.o
                0x80021cb8                initStorage
 .text.checkInputTS
                0x80021d7c      0x25c titleScreen.o
                0x80021d7c                checkInputTS
 .text.titleScreen
                0x80021fd8      0x324 titleScreen.o
                0x80021fd8                titleScreen
 .text.fatInit  0x800222fc      0x1a0 c:/devkitPro/libogc/lib/cube\libfat.a(libfat.o)
                0x800222fc                fatInit
 .text.fatInitDefault
                0x8002249c        0xc c:/devkitPro/libogc/lib/cube\libfat.a(libfat.o)
                0x8002249c                fatInitDefault
 .text._FAT_partition_setDefaultInterface
                0x800224a8       0x38 c:/devkitPro/libogc/lib/cube\libfat.a(partition.o)
                0x800224a8                _FAT_partition_setDefaultInterface
 .text._FAT_partition_setDefaultPartition
                0x800224e0       0x50 c:/devkitPro/libogc/lib/cube\libfat.a(partition.o)
                0x800224e0                _FAT_partition_setDefaultPartition
 .text._FAT_partition_getPartitionFromPath
                0x80022530       0xd0 c:/devkitPro/libogc/lib/cube\libfat.a(partition.o)
                0x80022530                _FAT_partition_getPartitionFromPath
 .text._FAT_partition_constructor
                0x80022600      0x3b8 c:/devkitPro/libogc/lib/cube\libfat.a(partition.o)
 .text._FAT_partition_mount
                0x800229b8       0xd4 c:/devkitPro/libogc/lib/cube\libfat.a(partition.o)
                0x800229b8                _FAT_partition_mount
 .text._FAT_disc_gcFindInterfaceSlot
                0x80022a8c       0xb0 c:/devkitPro/libogc/lib/cube\libfat.a(disc.o)
                0x80022a8c                _FAT_disc_gcFindInterfaceSlot
 .text._FAT_disc_findInterfaceSlot
                0x80022b3c       0x28 c:/devkitPro/libogc/lib/cube\libfat.a(disc.o)
                0x80022b3c                _FAT_disc_findInterfaceSlot
 .text.__gcsd_clearStatus
                0x80022b64        0x8 c:/devkitPro/libogc/lib/cube\libfat.a(gcsd.o)
                0x80022b64                __gcsd_clearStatus
 .text.__gcsda_clearStatus
                0x80022b6c        0x8 c:/devkitPro/libogc/lib/cube\libfat.a(gcsd.o)
                0x80022b6c                __gcsda_clearStatus
 .text.__gcsdb_clearStatus
                0x80022b74        0x8 c:/devkitPro/libogc/lib/cube\libfat.a(gcsd.o)
                0x80022b74                __gcsdb_clearStatus
 .text.__gcsd_shutdown
                0x80022b7c       0x24 c:/devkitPro/libogc/lib/cube\libfat.a(gcsd.o)
                0x80022b7c                __gcsd_shutdown
 .text.__gcsdb_shutdown
                0x80022ba0        0x8 c:/devkitPro/libogc/lib/cube\libfat.a(gcsd.o)
                0x80022ba0                __gcsdb_shutdown
 .text.__gcsda_shutdown
                0x80022ba8        0x8 c:/devkitPro/libogc/lib/cube\libfat.a(gcsd.o)
                0x80022ba8                __gcsda_shutdown
 .text.__gcsd_writeSectors
                0x80022bb0       0xc0 c:/devkitPro/libogc/lib/cube\libfat.a(gcsd.o)
                0x80022bb0                __gcsd_writeSectors
 .text.__gcsdb_writeSectors
                0x80022c70       0x18 c:/devkitPro/libogc/lib/cube\libfat.a(gcsd.o)
                0x80022c70                __gcsdb_writeSectors
 .text.__gcsda_writeSectors
                0x80022c88       0x18 c:/devkitPro/libogc/lib/cube\libfat.a(gcsd.o)
                0x80022c88                __gcsda_writeSectors
 .text.__gcsd_readSectors
                0x80022ca0       0xc0 c:/devkitPro/libogc/lib/cube\libfat.a(gcsd.o)
                0x80022ca0                __gcsd_readSectors
 .text.__gcsdb_readSectors
                0x80022d60       0x18 c:/devkitPro/libogc/lib/cube\libfat.a(gcsd.o)
                0x80022d60                __gcsdb_readSectors
 .text.__gcsda_readSectors
                0x80022d78       0x18 c:/devkitPro/libogc/lib/cube\libfat.a(gcsd.o)
                0x80022d78                __gcsda_readSectors
 .text.__gcsd_isInserted
                0x80022d90       0x30 c:/devkitPro/libogc/lib/cube\libfat.a(gcsd.o)
                0x80022d90                __gcsd_isInserted
 .text.__gcsdb_isInserted
                0x80022dc0        0x8 c:/devkitPro/libogc/lib/cube\libfat.a(gcsd.o)
                0x80022dc0                __gcsdb_isInserted
 .text.__gcsda_isInserted
                0x80022dc8        0x8 c:/devkitPro/libogc/lib/cube\libfat.a(gcsd.o)
                0x80022dc8                __gcsda_isInserted
 .text.__gcsd_startup
                0x80022dd0       0x54 c:/devkitPro/libogc/lib/cube\libfat.a(gcsd.o)
                0x80022dd0                __gcsd_startup
 .text.__gcsdb_startup
                0x80022e24        0x8 c:/devkitPro/libogc/lib/cube\libfat.a(gcsd.o)
                0x80022e24                __gcsdb_startup
 .text.__gcsda_startup
                0x80022e2c        0x8 c:/devkitPro/libogc/lib/cube\libfat.a(gcsd.o)
                0x80022e2c                __gcsda_startup
 .text._FAT_cache_getSector
                0x80022e34      0x19c c:/devkitPro/libogc/lib/cube\libfat.a(cache.o)
 .text._FAT_cache_flush
                0x80022fd0       0xdc c:/devkitPro/libogc/lib/cube\libfat.a(cache.o)
                0x80022fd0                _FAT_cache_flush
 .text._FAT_cache_eraseWritePartialSector
                0x800230ac       0xf0 c:/devkitPro/libogc/lib/cube\libfat.a(cache.o)
                0x800230ac                _FAT_cache_eraseWritePartialSector
 .text._FAT_cache_writePartialSector
                0x8002319c       0xd0 c:/devkitPro/libogc/lib/cube\libfat.a(cache.o)
                0x8002319c                _FAT_cache_writePartialSector
 .text._FAT_cache_writeLittleEndianValue
                0x8002326c       0x90 c:/devkitPro/libogc/lib/cube\libfat.a(cache.o)
                0x8002326c                _FAT_cache_writeLittleEndianValue
 .text._FAT_cache_readPartialSector
                0x800232fc       0xac c:/devkitPro/libogc/lib/cube\libfat.a(cache.o)
                0x800232fc                _FAT_cache_readPartialSector
 .text._FAT_cache_readLittleEndianValue
                0x800233a8       0xfc c:/devkitPro/libogc/lib/cube\libfat.a(cache.o)
                0x800233a8                _FAT_cache_readLittleEndianValue
 .text._FAT_cache_constructor
                0x800234a4      0x11c c:/devkitPro/libogc/lib/cube\libfat.a(cache.o)
                0x800234a4                _FAT_cache_constructor
 .text._FAT_link_r
                0x800235c0       0x10 c:/devkitPro/libogc/lib/cube\libfat.a(fatdir.o)
                0x800235c0                _FAT_link_r
 .text._FAT_dirclose_r
                0x800235d0       0x50 c:/devkitPro/libogc/lib/cube\libfat.a(fatdir.o)
                0x800235d0                _FAT_dirclose_r
 .text._FAT_stat_r
                0x80023620      0x124 c:/devkitPro/libogc/lib/cube\libfat.a(fatdir.o)
                0x80023620                _FAT_stat_r
 .text._FAT_chdir_r
                0x80023744      0x11c c:/devkitPro/libogc/lib/cube\libfat.a(fatdir.o)
                0x80023744                _FAT_chdir_r
 .text._FAT_unlink_r
                0x80023860      0x270 c:/devkitPro/libogc/lib/cube\libfat.a(fatdir.o)
                0x80023860                _FAT_unlink_r
 .text._FAT_dirnext_r
                0x80023ad0       0xf0 c:/devkitPro/libogc/lib/cube\libfat.a(fatdir.o)
                0x80023ad0                _FAT_dirnext_r
 .text._FAT_dirreset_r
                0x80023bc0       0x8c c:/devkitPro/libogc/lib/cube\libfat.a(fatdir.o)
                0x80023bc0                _FAT_dirreset_r
 .text._FAT_diropen_r
                0x80023c4c      0x18c c:/devkitPro/libogc/lib/cube\libfat.a(fatdir.o)
                0x80023c4c                _FAT_diropen_r
 .text._FAT_statvfs_r
                0x80023dd8       0xe8 c:/devkitPro/libogc/lib/cube\libfat.a(fatdir.o)
                0x80023dd8                _FAT_statvfs_r
 .text._FAT_mkdir_r
                0x80023ec0      0x3bc c:/devkitPro/libogc/lib/cube\libfat.a(fatdir.o)
                0x80023ec0                _FAT_mkdir_r
 .text._FAT_rename_r
                0x8002427c      0x2f8 c:/devkitPro/libogc/lib/cube\libfat.a(fatdir.o)
                0x8002427c                _FAT_rename_r
 .text._FAT_close_r
                0x80024574      0x1e0 c:/devkitPro/libogc/lib/cube\libfat.a(fatfile.o)
                0x80024574                _FAT_close_r
 .text._FAT_open_r
                0x80024754      0x4c8 c:/devkitPro/libogc/lib/cube\libfat.a(fatfile.o)
                0x80024754                _FAT_open_r
 .text._FAT_fstat_r
                0x80024c1c      0x144 c:/devkitPro/libogc/lib/cube\libfat.a(fatfile.o)
                0x80024c1c                _FAT_fstat_r
 .text._FAT_seek_r
                0x80024d60      0x2ac c:/devkitPro/libogc/lib/cube\libfat.a(fatfile.o)
                0x80024d60                _FAT_seek_r
 .text._FAT_write_r
                0x8002500c      0x8b8 c:/devkitPro/libogc/lib/cube\libfat.a(fatfile.o)
                0x8002500c                _FAT_write_r
 .text._FAT_read_r
                0x800258c4      0x498 c:/devkitPro/libogc/lib/cube\libfat.a(fatfile.o)
                0x800258c4                _FAT_read_r
 .text._FAT_fat_nextCluster
                0x80025d5c      0x1b4 c:/devkitPro/libogc/lib/cube\libfat.a(file_allocation_table.o)
                0x80025d5c                _FAT_fat_nextCluster
 .text._FAT_fat_freeClusterCount
                0x80025f10       0x78 c:/devkitPro/libogc/lib/cube\libfat.a(file_allocation_table.o)
                0x80025f10                _FAT_fat_freeClusterCount
 .text._FAT_fat_lastCluster
                0x80025f88       0x84 c:/devkitPro/libogc/lib/cube\libfat.a(file_allocation_table.o)
                0x80025f88                _FAT_fat_lastCluster
 .text._FAT_fat_writeFatEntry
                0x8002600c      0x20c c:/devkitPro/libogc/lib/cube\libfat.a(file_allocation_table.o)
 .text._FAT_fat_clearLinks
                0x80026218       0xf0 c:/devkitPro/libogc/lib/cube\libfat.a(file_allocation_table.o)
                0x80026218                _FAT_fat_clearLinks
 .text._FAT_fat_linkFreeCluster
                0x80026308      0x16c c:/devkitPro/libogc/lib/cube\libfat.a(file_allocation_table.o)
                0x80026308                _FAT_fat_linkFreeCluster
 .text._FAT_fat_linkFreeClusterCleared
                0x80026474       0xe4 c:/devkitPro/libogc/lib/cube\libfat.a(file_allocation_table.o)
                0x80026474                _FAT_fat_linkFreeClusterCleared
 .text._FAT_filetime_to_time_t
                0x80026558       0x60 c:/devkitPro/libogc/lib/cube\libfat.a(filetime.o)
                0x80026558                _FAT_filetime_to_time_t
 .text._FAT_filetime_getDateFromRTC
                0x800265b8       0x98 c:/devkitPro/libogc/lib/cube\libfat.a(filetime.o)
                0x800265b8                _FAT_filetime_getDateFromRTC
 .text._FAT_filetime_getTimeFromRTC
                0x80026650       0x94 c:/devkitPro/libogc/lib/cube\libfat.a(filetime.o)
                0x80026650                _FAT_filetime_getTimeFromRTC
 .text._FAT_directory_entryGetAlias
                0x800266e4       0xdc c:/devkitPro/libogc/lib/cube\libfat.a(directory.o)
 .text._FAT_directory_entryGetCluster
                0x800267c0       0x34 c:/devkitPro/libogc/lib/cube\libfat.a(directory.o)
                0x800267c0                _FAT_directory_entryGetCluster
 .text._FAT_directory_getRootEntry
                0x800267f4       0xdc c:/devkitPro/libogc/lib/cube\libfat.a(directory.o)
                0x800267f4                _FAT_directory_getRootEntry
 .text._FAT_directory_mbsncasecmp
                0x800268d0      0x168 c:/devkitPro/libogc/lib/cube\libfat.a(directory.o)
 .text._FAT_directory_incrementDirEntryPosition
                0x80026a38      0x100 c:/devkitPro/libogc/lib/cube\libfat.a(directory.o)
 .text._FAT_directory_ucs2tombs
                0x80026b38      0x180 c:/devkitPro/libogc/lib/cube\libfat.a(directory.o)
 .text._FAT_directory_getNextEntry
                0x80026cb8      0x390 c:/devkitPro/libogc/lib/cube\libfat.a(directory.o)
                0x80026cb8                _FAT_directory_getNextEntry
 .text._FAT_directory_getFirstEntry
                0x80027048       0x24 c:/devkitPro/libogc/lib/cube\libfat.a(directory.o)
                0x80027048                _FAT_directory_getFirstEntry
 .text._FAT_directory_entryExists
                0x8002706c      0x148 c:/devkitPro/libogc/lib/cube\libfat.a(directory.o)
 .text._FAT_directory_entryFromPath
                0x800271b4      0x2dc c:/devkitPro/libogc/lib/cube\libfat.a(directory.o)
                0x800271b4                _FAT_directory_entryFromPath
 .text._FAT_directory_chdir
                0x80027490       0x8c c:/devkitPro/libogc/lib/cube\libfat.a(directory.o)
                0x80027490                _FAT_directory_chdir
 .text._FAT_directory_entryFromPosition
                0x8002751c      0x24c c:/devkitPro/libogc/lib/cube\libfat.a(directory.o)
                0x8002751c                _FAT_directory_entryFromPosition
 .text._FAT_directory_removeEntry
                0x80027768      0x170 c:/devkitPro/libogc/lib/cube\libfat.a(directory.o)
                0x80027768                _FAT_directory_removeEntry
 .text._FAT_directory_entryStat
                0x800278d8      0x174 c:/devkitPro/libogc/lib/cube\libfat.a(directory.o)
                0x800278d8                _FAT_directory_entryStat
 .text._FAT_directory_addEntry
                0x80027a4c      0xc20 c:/devkitPro/libogc/lib/cube\libfat.a(directory.o)
                0x80027a4c                _FAT_directory_addEntry
 .text.MODPlay_SetVolume
                0x8002866c       0x50 c:/devkitPro/libogc/lib/cube\libmodplay.a(gcmodplay.o)
                0x8002866c                MODPlay_SetVolume
 .text.MODPlay_AllocSFXChannels
                0x800286bc       0x58 c:/devkitPro/libogc/lib/cube\libmodplay.a(gcmodplay.o)
                0x800286bc                MODPlay_AllocSFXChannels
 .text.SndBufStop
                0x80028714       0x78 c:/devkitPro/libogc/lib/cube\libmodplay.a(gcmodplay.o)
 .text.MODPlay_Stop
                0x8002878c       0x48 c:/devkitPro/libogc/lib/cube\libmodplay.a(gcmodplay.o)
                0x8002878c                MODPlay_Stop
 .text.mixCallback
                0x800287d4       0xcc c:/devkitPro/libogc/lib/cube\libmodplay.a(gcmodplay.o)
 .text.SndBufStart
                0x800288a0      0x220 c:/devkitPro/libogc/lib/cube\libmodplay.a(gcmodplay.o)
 .text.updateWaveFormat
                0x80028ac0      0x174 c:/devkitPro/libogc/lib/cube\libmodplay.a(gcmodplay.o)
 .text.MODPlay_Start
                0x80028c34       0x70 c:/devkitPro/libogc/lib/cube\libmodplay.a(gcmodplay.o)
                0x80028c34                MODPlay_Start
 .text.MODPlay_SetStereo
                0x80028ca4       0x14 c:/devkitPro/libogc/lib/cube\libmodplay.a(gcmodplay.o)
                0x80028ca4                MODPlay_SetStereo
 .text.MODPlay_SetFrequency
                0x80028cb8       0x68 c:/devkitPro/libogc/lib/cube\libmodplay.a(gcmodplay.o)
                0x80028cb8                MODPlay_SetFrequency
 .text.dmaCallback
                0x80028d20      0x110 c:/devkitPro/libogc/lib/cube\libmodplay.a(gcmodplay.o)
 .text.player   0x80028e30      0x120 c:/devkitPro/libogc/lib/cube\libmodplay.a(gcmodplay.o)
 .text.MODPlay_Unload
                0x80028f50       0x34 c:/devkitPro/libogc/lib/cube\libmodplay.a(gcmodplay.o)
                0x80028f50                MODPlay_Unload
 .text.MODPlay_SetMOD
                0x80028f84       0x60 c:/devkitPro/libogc/lib/cube\libmodplay.a(gcmodplay.o)
                0x80028f84                MODPlay_SetMOD
 .text.MODPlay_Init
                0x80028fe4       0x94 c:/devkitPro/libogc/lib/cube\libmodplay.a(gcmodplay.o)
                0x80028fe4                MODPlay_Init
 .text.MOD_AllocSFXChannels
                0x80029078       0x64 c:/devkitPro/libogc/lib/cube\libmodplay.a(modplay.o)
                0x80029078                MOD_AllocSFXChannels
 .text.getCurPatternData
                0x800290dc       0x40 c:/devkitPro/libogc/lib/cube\libmodplay.a(modplay.o)
                0x800290dc                getCurPatternData
 .text.triggerNote
                0x8002911c       0xe0 c:/devkitPro/libogc/lib/cube\libmodplay.a(modplay.o)
                0x8002911c                triggerNote
 .text.effect_handler
                0x800291fc      0x5a8 c:/devkitPro/libogc/lib/cube\libmodplay.a(modplay.o)
                0x800291fc                effect_handler
 .text.process  0x800297a4      0x650 c:/devkitPro/libogc/lib/cube\libmodplay.a(modplay.o)
                0x800297a4                process
 .text.MOD_Player
                0x80029df4      0x230 c:/devkitPro/libogc/lib/cube\libmodplay.a(modplay.o)
                0x80029df4                MOD_Player
 .text.MOD_Start
                0x8002a024      0x3d4 c:/devkitPro/libogc/lib/cube\libmodplay.a(modplay.o)
                0x8002a024                MOD_Start
 .text.MOD_SetMOD
                0x8002a3f8      0x5c8 c:/devkitPro/libogc/lib/cube\libmodplay.a(modplay.o)
                0x8002a3f8                MOD_SetMOD
 .text.MOD_Free
                0x8002a9c0       0x68 c:/devkitPro/libogc/lib/cube\libmodplay.a(modplay.o)
                0x8002a9c0                MOD_Free
 .text.mix_mono_16bit
                0x8002aa28      0xa48 c:/devkitPro/libogc/lib/cube\libmodplay.a(mixer.o)
                0x8002aa28                mix_mono_16bit
 .text.mix_stereo_16bit
                0x8002b470      0x4bc c:/devkitPro/libogc/lib/cube\libmodplay.a(mixer.o)
                0x8002b470                mix_stereo_16bit
 .text.snd_set0w
                0x8002b92c       0x2c c:/devkitPro/libogc/lib/cube\libogc.a(snd.o)
 .text.mix_voices
                0x8002b958     0x1a1c c:/devkitPro/libogc/lib/cube\libogc.a(snd.o)
 .text.SND_SetVoice
                0x8002d374      0x118 c:/devkitPro/libogc/lib/cube\libogc.a(snd.o)
                0x8002d374                SND_SetVoice
 .text.SND_AddVoice
                0x8002d48c       0x5c c:/devkitPro/libogc/lib/cube\libogc.a(snd.o)
                0x8002d48c                SND_AddVoice
 .text.SND_StopVoice
                0x8002d4e8       0x30 c:/devkitPro/libogc/lib/cube\libogc.a(snd.o)
                0x8002d4e8                SND_StopVoice
 .text.SND_StatusVoice
                0x8002d518       0x74 c:/devkitPro/libogc/lib/cube\libogc.a(snd.o)
                0x8002d518                SND_StatusVoice
 .text.SND_GetFirstUnusedVoice
                0x8002d58c       0x40 c:/devkitPro/libogc/lib/cube\libogc.a(snd.o)
                0x8002d58c                SND_GetFirstUnusedVoice
 .text.SND_TestPointer
                0x8002d5cc       0x64 c:/devkitPro/libogc/lib/cube\libogc.a(snd.o)